mysql> desc User;
+----------------+-------------+------+-----+---------+-------+
| Field          | Type        | Null | Key | Default | Extra |
+----------------+-------------+------+-----+---------+-------+
| id             | int(11)     | YES  |     | NULL    |       |
| first_name     | varchar(50) | YES  |     | NULL    |       |
| last_name      | varchar(50) | YES  |     | NULL    |       |
| email          | varchar(50) | YES  |     | NULL    |       |
| gender         | varchar(50) | YES  |     | NULL    |       |
| country        | varchar(50) | YES  |     | NULL    |       |
| job_title      | varchar(50) | YES  |     | NULL    |       |
| color          | varchar(50) | YES  |     | NULL    |       |
| car_brand      | varchar(50) | YES  |     | NULL    |       |
| car_model_year | varchar(50) | YES  |     | NULL    |       |
+----------------+-------------+------+-----+---------+-------+
10 rows in set (0.15 sec)

mysql> select * from user where gender = female
    -> ;
ERROR 1054 (42S22): Unknown column 'female' in 'where clause'
mysql> select * from User where gender = female;
ERROR 1054 (42S22): Unknown column 'female' in 'where clause'
mysql> select * from User where gender = Female;
ERROR 1054 (42S22): Unknown column 'Female' in 'where clause'
mysql> select * from User where gender = "Female";
+------+------------+------------------------+------------------------------------+--------+-----------------------+--------------------------------------+------------+---------------+----------------+
| id   | first_name | last_name              | email                              | gender | country               | job_title                            | color      | car_brand     | car_model_year |
+------+------------+------------------------+------------------------------------+--------+-----------------------+--------------------------------------+------------+---------------+----------------+
|    2 | Dede       | Dimmack                | ddimmack1@cornell.edu              | Female | Brazil                | Project Manager                      | Pink       | Oldsmobile    | 1998           |
|    3 | Brigid     | Sheward                | bsheward2@livejournal.com          | Female | Spain                 | Data Coordiator                      | Indigo     | Aston Martin  | 2009           |
|    4 | Lauryn     | Clampe                 | lclampe3@upenn.edu                 | Female | Portugal              | Environmental Tech                   | Maroon     | Mercury       | 1991           |
|    6 | Eachelle   | Brierley               | ebrierley5@cocolog-nifty.com       | Female | China                 | Safety Technician I                  | Green      | GMC           | 2003           |
|    7 | Andria     | Abernethy              | aabernethy6@arstechnica.com        | Female | Indonesia             | Civil Engineer                       | Green      | Buick         | 1994           |
|   13 | Lara       | Treharne               | ltreharnec@nbcnews.com             | Female | Brazil                | Community Outreach Specialist        | Purple     | GMC           | 2010           |
|   14 | Iris       | Ortler                 | iortlerd@paypal.com                | Female | Mexico                | Human Resources Manager              | Goldenrod  | Isuzu         | 1999           |
|   17 | Gleda      | Hartzog                | ghartzogg@blogger.com              | Female | China                 | Assistant Media Planner              | Turquoise  | GMC           | 2007           |
|   18 | Monah      | Kmiec                  | mkmiech@edublogs.org               | Female | Mongolia              | Research Associate                   | Puce       | Chevrolet     | 1994           |
|   19 | Kirstyn    | Wardrope               | kwardropei@mapy.cz                 | Female | Russia                | Budget/Accounting Analyst I          | Turquoise  | Mazda         | 1994           |
|   21 | Darsie     | Reddish                | dreddishk@seesaa.net               | Female | Palestinian Territory | Accounting Assistant II              | Red        | Aston Martin  | 2010           |
|   22 | Randee     | Kiloh                  | rkilohl@apache.org                 | Female | Belize                | Staff Scientist                      | Turquoise  | Lexus         | 2012           |
|   24 | Elana      | Gauvin                 | egauvinn@com.com                   | Female | Czech Republic        | Software Consultant                  | Teal       | Chevrolet     | 2001           |
|   25 | Kylen      | Geldert                | kgelderto@goo.ne.jp                | Female | United States         | Software Consultant                  | Mauv       | Land Rover    | 2010           |
|   27 | Marylou    | Matula                 | mmatulaq@printfriendly.com         | Female | Poland                | Research Nurse                       | Crimson    | Mercury       | 1996           |
|   28 | Petronia   | Dagger                 | pdaggerr@diigo.com                 | Female | Indonesia             | Environmental Specialist             | Aquamarine | Honda         | 1993           |
|   31 | Yoko       | Vasler                 | yvasleru@shareasale.com            | Female | Colombia              | Systems Administrator I              | Yellow     | Mercury       | 2000           |
|   33 | Jazmin     | Courage                | jcouragew@icio.us                  | Female | San Marino            | Web Designer III                     | Purple     | Honda         | 1986           |
|   35 | Pavia      | Mynard                 | pmynardy@friendfeed.com            | Female | Lebanon               | Administrative Assistant I           | Green      | Kia           | 2008           |
|   36 | Leland     | Takis                  | ltakisz@bigcartel.com              | Female | China                 | Analyst Programmer                   | Maroon     | Toyota        | 2007           |
|   41 | Didi       | Edinborough            | dedinborough14@buzzfeed.com        | Female | Philippines           | Internal Auditor                     | Puce       | Toyota        | 1992           |
|   43 | Renell     | Springell              | rspringell16@dropbox.com           | Female | China                 | VP Quality Control                   | Maroon     | GMC           | 2002           |
|   47 | Daune      | Poles                  | dpoles1a@spotify.com               | Female | Indonesia             | Community Outreach Specialist        | Teal       | Geo           | 1992           |
|   48 | Freddi     | Hunday                 | fhunday1b@google.co.jp             | Female | Philippines           | GIS Technical Architect              | Indigo     | Ram           | 2011           |
|   51 | Dasya      | Fairham                | dfairham1e@i2i.jp                  | Female | Brazil                | Staff Accountant IV                  | Crimson    | Ford          | 1988           |
|   53 | Noni       | Halksworth             | nhalksworth1g@rediff.com           | Female | China                 | Junior Executive                     | Puce       | Chevrolet     | 2000           |
|   54 | Shay       | Bradden                | sbradden1h@biglobe.ne.jp           | Female | Portugal              | Recruiter                            | Yellow     | Pontiac       | 2005           |
|   56 | Rora       | Sturge                 | rsturge1j@networksolutions.com     | Female | Philippines           | Occupational Therapist               | Indigo     | Hyundai       | 1993           |
|   59 | Brunhilde  | Cartman                | bcartman1m@hugedomains.com         | Female | Tanzania              | Junior Executive                     | Red        | Honda         | 2008           |
|   61 | Heddi      | Grigoli                | hgrigoli1o@va.gov                  | Female | Ukraine               | Chief Design Engineer                | Red        | Nissan        | 1997           |
|   62 | Beth       | Mander                 | bmander1p@businesswire.com         | Female | China                 | Occupational Therapist               | Fuscia     | BMW           | 1993           |
|   64 | Dedra      | Ebbin                  | debbin1r@spotify.com               | Female | Poland                | Nuclear Power Engineer               | Indigo     | Volvo         | 2003           |
|   68 | Ardis      | Abby                   | aabby1v@wired.com                  | Female | Russia                | Marketing Assistant                  | Blue       | Dodge         | 2005           |
|   70 | Leese      | Inseal                 | linseal1x@istockphoto.com          | Female | Russia                | Sales Associate                      | Red        | Mercedes-Benz | 2009           |
|   75 | Amandie    | Southall               | asouthall22@fotki.com              | Female | France                | VP Quality Control                   | Pink       | Land Rover    | 1999           |
|   79 | Gwenora    | Millichap              | gmillichap26@wikia.com             | Female | China                 | Analyst Programmer                   | Mauv       | Mitsubishi    | 1999           |
|   81 | Emmi       | Ranger                 | eranger28@google.it                | Female | Brazil                | Occupational Therapist               | Fuscia     | Dodge         | 1992           |
|   83 | Inna       | Medler                 | imedler2a@pagesperso-orange.fr     | Female | China                 | Health Coach II                      | Pink       | Mercedes-Benz | 1993           |
|   84 | Renell     | Saleway                | rsaleway2b@reference.com           | Female | China                 | Staff Scientist                      | Orange     | Dodge         | 2010           |
|   85 | Guinevere  | Rizzardo               | grizzardo2c@nbcnews.com            | Female | Madagascar            | Junior Executive                     | Mauv       | Mazda         | 1994           |
|   86 | Dru        | Lengthorn              | dlengthorn2d@soup.io               | Female | Peru                  | Senior Financial Analyst             | Blue       | Chevrolet     | 1994           |
|   88 | Janenna    | Millington             | jmillington2f@epa.gov              | Female | China                 | Chemical Engineer                    | Blue       | Honda         | 2011           |
|   89 | Klarika    | De Courtney            | kdecourtney2g@acquirethisname.com  | Female | China                 | Software Test Engineer IV            | Aquamarine | Ford          | 2007           |
|   90 | Cathee     | Mumbeson               | cmumbeson2h@webs.com               | Female | Peru                  | Editor                               | Blue       | Aptera        | 2008           |
|   93 | Anetta     | Minichi                | aminichi2k@webs.com                | Female | Thailand              | Geological Engineer                  | Teal       | Acura         | 2003           |
|   95 | Linette    | Howells                | lhowells2m@ftc.gov                 | Female | China                 | Senior Editor                        | Blue       | BMW           | 2012           |
|   98 | Fanni      | Whitsun                | fwhitsun2p@theglobeandmail.com     | Female | China                 | Marketing Manager                    | Red        | Audi          | 1987           |
|  100 | Shandee    | Crombleholme           | scrombleholme2r@slashdot.org       | Female | United States         | VP Marketing                         | Aquamarine | Dodge         | 2006           |
|  101 | Leola      | Waterhowse             | lwaterhowse2s@webeden.co.uk        | Female | China                 | Analyst Programmer                   | Green      | Suzuki        | 2007           |
|  103 | Camellia   | Wickey                 | cwickey2u@cnbc.com                 | Female | Egypt                 | Occupational Therapist               | Yellow     | Toyota        | 2004           |
|  109 | Celesta    | Mulcahy                | cmulcahy30@chicagotribune.com      | Female | Thailand              | Chemical Engineer                    | Green      | Pontiac       | 1985           |
|  111 | Jennie     | Lawless                | jlawless32@nasa.gov                | Female | Indonesia             | Director of Sales                    | Blue       | Cadillac      | 2012           |
|  112 | Virginia   | Sansome                | vsansome33@noaa.gov                | Female | Morocco               | Marketing Manager                    | Teal       | Mazda         | 1998           |
|  113 | Adah       | Berisford              | aberisford34@multiply.com          | Female | Indonesia             | Account Representative IV            | Pink       | Chevrolet     | 1997           |
|  114 | Valencia   | Petrusch               | vpetrusch35@deviantart.com         | Female | Japan                 | Paralegal                            | Purple     | Porsche       | 1988           |
|  119 | Jocelyn    | Seel                   | jseel3a@reddit.com                 | Female | Philippines           | Junior Executive                     | Indigo     | Chevrolet     | 1967           |
|  120 | Quintilla  | Tolomelli              | qtolomelli3b@usda.gov              | Female | China                 | Help Desk Technician                 | Red        | Mazda         | 1986           |
|  122 | Oralee     | Rameau                 | orameau3d@google.pl                | Female | Armenia               | Editor                               | Orange     | Maserati      | 2010           |
|  123 | Beverley   | Trevethan              | btrevethan3e@oaic.gov.au           | Female | China                 | Automation Specialist II             | Red        | Dodge         | 1999           |
|  124 | Rorie      | Jerrim                 | rjerrim3f@economist.com            | Female | China                 | Nurse                                | Teal       | Suzuki        | 1992           |
|  125 | Mariann    | Peterken               | mpeterken3g@narod.ru               | Female | Marshall Islands      | Account Coordinator                  | Pink       | Suzuki        | 2012           |
|  126 | Cleopatra  | Westgarth              | cwestgarth3h@bravesites.com        | Female | Colombia              | Internal Auditor                     | Goldenrod  | Buick         | 1996           |
|  134 | Gabrielle  | Koppeck                | gkoppeck3p@nasa.gov                | Female | Indonesia             | VP Marketing                         | Mauv       | Chevrolet     | 1992           |
|  135 | Arda       | Brakewell              | abrakewell3q@pbs.org               | Female | Madagascar            | Legal Assistant                      | Goldenrod  | Buick         | 2002           |
|  139 | Zahara     | Yandle                 | zyandle3u@1688.com                 | Female | China                 | Senior Quality Engineer              | Red        | GMC           | 2011           |
|  141 | Vinni      | Ridgewell              | vridgewell3w@cbc.ca                | Female | France                | Staff Accountant II                  | Crimson    | Pontiac       | 1997           |
|  143 | Adel       | Brandin                | abrandin3y@pinterest.com           | Female | Russia                | Nurse                                | Crimson    | GMC           | 2002           |
|  144 | Anthe      | Wilacot                | awilacot3z@umich.edu               | Female | Peru                  | Sales Representative                 | Puce       | Mazda         | 2008           |
|  147 | Lyndsey    | Siemandl               | lsiemandl42@mysql.com              | Female | Tanzania              | VP Quality Control                   | Yellow     | Mercury       | 2005           |
|  150 | Ardath     | Drayson                | adrayson45@is.gd                   | Female | Croatia               | Biostatistician III                  | Fuscia     | Saturn        | 2010           |
|  151 | Ibbie      | Grimbaldeston          | igrimbaldeston46@about.me          | Female | Poland                | VP Sales                             | Violet     | Mitsubishi    | 2007           |
|  154 | Joana      | Tolliday               | jtolliday49@fema.gov               | Female | Sweden                | Marketing Assistant                  | Violet     | GMC           | 2000           |
|  155 | Erena      | Follit                 | efollit4a@wired.com                | Female | Russia                | Business Systems Development Analyst | Mauv       | Honda         | 2005           |
|  156 | Jacqueline | MacCracken             | jmaccracken4b@google.com           | Female | Indonesia             | Budget/Accounting Analyst II         | Fuscia     | Nissan        | 2001           |
|  160 | Jillie     | Noulton                | jnoulton4f@foxnews.com             | Female | United States         | Chief Design Engineer                | Khaki      | Pontiac       | 2003           |
|  161 | Sella      | Sheldon                | ssheldon4g@dmoz.org                | Female | Poland                | Financial Advisor                    | Fuscia     | Dodge         | 2008           |
|  163 | Johannah   | Facchini               | jfacchini4i@xrea.com               | Female | China                 | Software Test Engineer IV            | Teal       | Infiniti      | 2011           |
|  164 | Auria      | Daniely                | adaniely4j@mit.edu                 | Female | Netherlands           | Food Chemist                         | Maroon     | Lincoln       | 1986           |
|  166 | Mariel     | Weddeburn - Scrimgeour | mweddeburnscrimgeour4l@shop-pro.jp | Female | China                 | Nurse Practicioner                   | Orange     | Pontiac       | 1983           |
|  170 | Rosana     | Verecker               | rverecker4p@linkedin.com           | Female | Philippines           | Pharmacist                           | Khaki      | GMC           | 1992           |
|  174 | Ddene      | Rickerby               | drickerby4t@prnewswire.com         | Female | South Korea           | Environmental Tech                   | Khaki      | Kia           | 2011           |
|  176 | Henka      | Kopps                  | hkopps4v@nyu.edu                   | Female | Canada                | Research Nurse                       | Green      | Mazda         | 2002           |
|  178 | Sher       | Kember                 | skember4x@meetup.com               | Female | United States         | Biostatistician III                  | Violet     | Mercedes-Benz | 2004           |
|  179 | Lorilyn    | Tapp                   | ltapp4y@latimes.com                | Female | Ivory Coast           | Analyst Programmer                   | Red        | Chevrolet     | 1991           |
|  181 | Filippa    | Brewett                | fbrewett50@hud.gov                 | Female | Russia                | Electrical Engineer                  | Puce       | Ford          | 2003           |
|  182 | Florette   | Sheivels               | fsheivels51@ustream.tv             | Female | Nigeria               | Database Administrator III           | Green      | BMW           | 2007           |
|  183 | Kari       | Begwell                | kbegwell52@europa.eu               | Female | Indonesia             | Clinical Specialist                  | Red        | Cadillac      | 2006           |
|  185 | Devina     | McKeaveney             | dmckeaveney54@yelp.com             | Female | Philippines           | Structural Analysis Engineer         | Purple     | Acura         | 2010           |
|  188 | Edy        | Antliff                | eantliff57@tuttocitta.it           | Female | South Africa          | Executive Secretary                  | Green      | Cadillac      | 2012           |
|  189 | Daphene    | Kite                   | dkite58@ifeng.com                  | Female | Indonesia             | Senior Developer                     | Maroon     | Buick         | 2010           |
|  195 | Idelle     | Petzold                | ipetzold5e@mozilla.com             | Female | Philippines           | Chief Design Engineer                | Crimson    | Volkswagen    | 1985           |
|  197 | Kevina     | Trood                  | ktrood5g@nhs.uk                    | Female | Portugal              | Developer I                          | Crimson    | Audi          | 2002           |
|  198 | Clarette   | Mallord                | cmallord5h@t.co                    | Female | United States         | Environmental Specialist             | Goldenrod  | Hummer        | 2002           |
+------+------------+------------------------+------------------------------------+--------+-----------------------+--------------------------------------+------------+---------------+----------------+
93 rows in set (0.00 sec)

mysql> select distinct country from user;
+-----------------------+
| country               |
+-----------------------+
| China                 |
| Brazil                |
| Spain                 |
| Portugal              |
| Greece                |
| Indonesia             |
| American Samoa        |
| Yemen                 |
| United States         |
| Mexico                |
| Bulgaria              |
| Mongolia              |
| Russia                |
| Dominican Republic    |
| Palestinian Territory |
| Belize                |
| Czech Republic        |
| Poland                |
| Uganda                |
| Colombia              |
| San Marino            |
| Lebanon               |
| Philippines           |
| Japan                 |
| Tanzania              |
| Finland               |
| Ukraine               |
| France                |
| Thailand              |
| Norway                |
| Madagascar            |
| Peru                  |
| Vietnam               |
| Haiti                 |
| Egypt                 |
| Morocco               |
| Armenia               |
| Marshall Islands      |
| Sweden                |
| Argentina             |
| Afghanistan           |
| Chad                  |
| Angola                |
| South Africa          |
| Croatia               |
| Gabon                 |
| Netherlands           |
| Kazakhstan            |
| South Korea           |
| Canada                |
| Ivory Coast           |
| Pakistan              |
| Nigeria               |
| Burkina Faso          |
| Zimbabwe              |
+-----------------------+
55 rows in set (0.00 sec)

mysql> select distinct job_title from user;
+--------------------------------------+
| job_title                            |
+--------------------------------------+
| Web Designer IV                      |
| Project Manager                      |
| Data Coordiator                      |
| Environmental Tech                   |
| VP Marketing                         |
| Safety Technician I                  |
| Civil Engineer                       |
| Internal Auditor                     |
| Editor                               |
| VP Accounting                        |
| Community Outreach Specialist        |
| Human Resources Manager              |
| Software Test Engineer I             |
| Assistant Media Planner              |
| Research Associate                   |
| Budget/Accounting Analyst I          |
| Accounting Assistant II              |
| Staff Scientist                      |
| Software Consultant                  |
| Statistician II                      |
| Research Nurse                       |
| Environmental Specialist             |
| Speech Pathologist                   |
| Assistant Professor                  |
| Systems Administrator I              |
| Assistant Manager                    |
| Web Designer III                     |
| Administrative Assistant I           |
| Analyst Programmer                   |
| Accounting Assistant IV              |
| Financial Analyst                    |
| Health Coach IV                      |
| Clinical Specialist                  |
| VP Quality Control                   |
| Geologist II                         |
| GIS Technical Architect              |
| Nuclear Power Engineer               |
| Office Assistant I                   |
| Staff Accountant IV                  |
| Social Worker                        |
| Junior Executive                     |
| Recruiter                            |
| Web Designer II                      |
| Occupational Therapist               |
| Financial Advisor                    |
| Teacher                              |
| Analog Circuit Design manager        |
| Chief Design Engineer                |
| Professor                            |
| Marketing Assistant                  |
| Pharmacist                           |
| Sales Associate                      |
| Office Assistant III                 |
| Design Engineer                      |
| Developer IV                         |
| Staff Accountant I                   |
| Cost Accountant                      |
| Payment Adjustment Coordinator       |
| Health Coach II                      |
| Senior Financial Analyst             |
| Chemical Engineer                    |
| Software Test Engineer IV            |
| Technical Writer                     |
| Geological Engineer                  |
| Structural Analysis Engineer         |
| Senior Editor                        |
| Electrical Engineer                  |
| Marketing Manager                    |
| Senior Sales Associate               |
| Accountant III                       |
| Help Desk Technician                 |
| Operator                             |
| Director of Sales                    |
| Account Representative IV            |
| Paralegal                            |
| Health Coach I                       |
| Structural Engineer                  |
| Automation Specialist II             |
| Nurse                                |
| Account Coordinator                  |
| Information Systems Manager          |
| Budget/Accounting Analyst IV         |
| Compensation Analyst                 |
| Legal Assistant                      |
| Actuary                              |
| General Manager                      |
| Senior Quality Engineer              |
| Staff Accountant II                  |
| Database Administrator IV            |
| Sales Representative                 |
| Software Test Engineer III           |
| Biostatistician III                  |
| VP Sales                             |
| Senior Cost Accountant               |
| Business Systems Development Analyst |
| Budget/Accounting Analyst II         |
| Developer I                          |
| Quality Engineer                     |
| Food Chemist                         |
| Quality Control Specialist           |
| Nurse Practicioner                   |
| Help Desk Operator                   |
| Biostatistician I                    |
| Librarian                            |
| Physical Therapy Assistant           |
| Database Administrator III           |
| Account Representative III           |
| Executive Secretary                  |
| Senior Developer                     |
| Computer Systems Analyst IV          |
| Accountant I                         |
+--------------------------------------+
111 rows in set (0.00 sec)

mysql> select distinct car_brand from user;
+---------------+
| car_brand     |
+---------------+
| Kia           |
| Oldsmobile    |
| Aston Martin  |
| Mercury       |
| Mercedes-Benz |
| GMC           |
| Buick         |
| Infiniti      |
| Suzuki        |
| Volvo         |
| Lincoln       |
| Audi          |
| Isuzu         |
| Daihatsu      |
| Nissan        |
| Chevrolet     |
| Mazda         |
| Lexus         |
| Land Rover    |
| Honda         |
| Dodge         |
| Mitsubishi    |
| Bugatti       |
| Chrysler      |
| Toyota        |
| Bentley       |
| Saturn        |
| Hummer        |
| Geo           |
| Ram           |
| Ford          |
| Pontiac       |
| Hyundai       |
| Porsche       |
| BMW           |
| Jaguar        |
| Aptera        |
| Cadillac      |
| Acura         |
| Volkswagen    |
| Maserati      |
| Scion         |
| Eagle         |
| Lotus         |
| Plymouth      |
| Jeep          |
+---------------+
46 rows in set (0.00 sec)

mysql> desc user;
+----------------+-------------+------+-----+---------+-------+
| Field          | Type        | Null | Key | Default | Extra |
+----------------+-------------+------+-----+---------+-------+
| id             | int(11)     | YES  |     | NULL    |       |
| first_name     | varchar(50) | YES  |     | NULL    |       |
| last_name      | varchar(50) | YES  |     | NULL    |       |
| email          | varchar(50) | YES  |     | NULL    |       |
| gender         | varchar(50) | YES  |     | NULL    |       |
| country        | varchar(50) | YES  |     | NULL    |       |
| job_title      | varchar(50) | YES  |     | NULL    |       |
| color          | varchar(50) | YES  |     | NULL    |       |
| car_brand      | varchar(50) | YES  |     | NULL    |       |
| car_model_year | varchar(50) | YES  |     | NULL    |       |
+----------------+-------------+------+-----+---------+-------+
10 rows in set (0.01 sec)

mysql> select * from user where country = 'china';
+------+------------+------------------------+------------------------------------+--------+---------+-----------------------------+------------+---------------+----------------+
| id   | first_name | last_name              | email                              | gender | country | job_title                   | color      | car_brand     | car_model_year |
+------+------------+------------------------+------------------------------------+--------+---------+-----------------------------+------------+---------------+----------------+
|    1 | Fletch     | Purchase               | fpurchase0@japanpost.jp            | Male   | China   | Web Designer IV             | Crimson    | Kia           | 2009           |
|    6 | Eachelle   | Brierley               | ebrierley5@cocolog-nifty.com       | Female | China   | Safety Technician I         | Green      | GMC           | 2003           |
|   17 | Gleda      | Hartzog                | ghartzogg@blogger.com              | Female | China   | Assistant Media Planner     | Turquoise  | GMC           | 2007           |
|   34 | Kory       | Waud                   | kwaudx@cam.ac.uk                   | Male   | China   | Civil Engineer              | Red        | Chrysler      | 2004           |
|   36 | Leland     | Takis                  | ltakisz@bigcartel.com              | Female | China   | Analyst Programmer          | Maroon     | Toyota        | 2007           |
|   37 | Lindsey    | Rubinovitch            | lrubinovitch10@goo.ne.jp           | Male   | China   | Accounting Assistant IV     | Green      | Bentley       | 2009           |
|   39 | Scotty     | Thorowgood             | sthorowgood12@arizona.edu          | Male   | China   | Health Coach IV             | Mauv       | Chevrolet     | 1994           |
|   43 | Renell     | Springell              | rspringell16@dropbox.com           | Female | China   | VP Quality Control          | Maroon     | GMC           | 2002           |
|   53 | Noni       | Halksworth             | nhalksworth1g@rediff.com           | Female | China   | Junior Executive            | Puce       | Chevrolet     | 2000           |
|   58 | Andonis    | Charles                | acharles1l@mail.ru                 | Male   | China   | Teacher                     | Green      | Chevrolet     | 1967           |
|   62 | Beth       | Mander                 | bmander1p@businesswire.com         | Female | China   | Occupational Therapist      | Fuscia     | BMW           | 1993           |
|   63 | Keefe      | McRuvie                | kmcruvie1q@slideshare.net          | Male   | China   | VP Quality Control          | Indigo     | Nissan        | 2009           |
|   73 | Cornie     | Percifull              | cpercifull20@skype.com             | Male   | China   | Assistant Professor         | Yellow     | Mitsubishi    | 2002           |
|   74 | Bondy      | Sainer                 | bsainer21@dot.gov                  | Male   | China   | Developer IV                | Orange     | Jaguar        | 2008           |
|   79 | Gwenora    | Millichap              | gmillichap26@wikia.com             | Female | China   | Analyst Programmer          | Mauv       | Mitsubishi    | 1999           |
|   83 | Inna       | Medler                 | imedler2a@pagesperso-orange.fr     | Female | China   | Health Coach II             | Pink       | Mercedes-Benz | 1993           |
|   84 | Renell     | Saleway                | rsaleway2b@reference.com           | Female | China   | Staff Scientist             | Orange     | Dodge         | 2010           |
|   88 | Janenna    | Millington             | jmillington2f@epa.gov              | Female | China   | Chemical Engineer           | Blue       | Honda         | 2011           |
|   89 | Klarika    | De Courtney            | kdecourtney2g@acquirethisname.com  | Female | China   | Software Test Engineer IV   | Aquamarine | Ford          | 2007           |
|   95 | Linette    | Howells                | lhowells2m@ftc.gov                 | Female | China   | Senior Editor               | Blue       | BMW           | 2012           |
|   96 | Wash       | Pochin                 | wpochin2n@wikispaces.com           | Male   | China   | Chemical Engineer           | Green      | Mazda         | 1994           |
|   98 | Fanni      | Whitsun                | fwhitsun2p@theglobeandmail.com     | Female | China   | Marketing Manager           | Red        | Audi          | 1987           |
|  101 | Leola      | Waterhowse             | lwaterhowse2s@webeden.co.uk        | Female | China   | Analyst Programmer          | Green      | Suzuki        | 2007           |
|  110 | Orton      | Glyssanne              | oglyssanne31@netlog.com            | Male   | China   | Data Coordiator             | Blue       | GMC           | 1993           |
|  120 | Quintilla  | Tolomelli              | qtolomelli3b@usda.gov              | Female | China   | Help Desk Technician        | Red        | Mazda         | 1986           |
|  123 | Beverley   | Trevethan              | btrevethan3e@oaic.gov.au           | Female | China   | Automation Specialist II    | Red        | Dodge         | 1999           |
|  124 | Rorie      | Jerrim                 | rjerrim3f@economist.com            | Female | China   | Nurse                       | Teal       | Suzuki        | 1992           |
|  127 | Stillmann  | Stowte                 | sstowte3i@fema.gov                 | Male   | China   | Information Systems Manager | Orange     | Audi          | 1995           |
|  130 | Portie     | Giacovelli             | pgiacovelli3l@hao123.com           | Male   | China   | Data Coordiator             | Yellow     | Porsche       | 2011           |
|  139 | Zahara     | Yandle                 | zyandle3u@1688.com                 | Female | China   | Senior Quality Engineer     | Red        | GMC           | 2011           |
|  145 | Erhard     | Flatt                  | eflatt40@sfgate.com                | Male   | China   | Civil Engineer              | Pink       | Scion         | 2006           |
|  152 | Benedick   | O' Connell             | boconnell47@amazon.com             | Male   | China   | Web Designer IV             | Pink       | Lotus         | 1993           |
|  163 | Johannah   | Facchini               | jfacchini4i@xrea.com               | Female | China   | Software Test Engineer IV   | Teal       | Infiniti      | 2011           |
|  165 | Joseph     | Vauter                 | jvauter4k@ow.ly                    | Male   | China   | Quality Control Specialist  | Violet     | Plymouth      | 2000           |
|  166 | Mariel     | Weddeburn - Scrimgeour | mweddeburnscrimgeour4l@shop-pro.jp | Female | China   | Nurse Practicioner          | Orange     | Pontiac       | 1983           |
|  171 | Alexio     | Buttrick               | abuttrick4q@mapquest.com           | Male   | China   | Assistant Media Planner     | Violet     | Chrysler      | 1993           |
|  186 | Sergei     | Shilstone              | sshilstone55@ed.gov                | Male   | China   | VP Accounting               | Crimson    | Dodge         | 2006           |
|  196 | Jephthah   | Smolan                 | jsmolan5f@topsy.com                | Male   | China   | Director of Sales           | Turquoise  | Jeep          | 2012           |
|  199 | Denver     | Fearnyhough            | dfearnyhough5i@msu.edu             | Male   | China   | Help Desk Operator          | Indigo     | Cadillac      | 2005           |
+------+------------+------------------------+------------------------------------+--------+---------+-----------------------------+------------+---------------+----------------+
39 rows in set (0.00 sec)

mysql> select * from user where job_title = 'software consultant;
    '> ;
    '> ^C
mysql> select * from user where job_title = 'software consultant';
+------+------------+-----------+--------------------------+--------+--------------------+---------------------+-------+------------+----------------+
| id   | first_name | last_name | email                    | gender | country            | job_title           | color | car_brand  | car_model_year |
+------+------------+-----------+--------------------------+--------+--------------------+---------------------+-------+------------+----------------+
|   24 | Elana      | Gauvin    | egauvinn@com.com         | Female | Czech Republic     | Software Consultant | Teal  | Chevrolet  | 2001           |
|   25 | Kylen      | Geldert   | kgelderto@goo.ne.jp      | Female | United States      | Software Consultant | Mauv  | Land Rover | 2010           |
|   42 | Barnett    | Lawdham   | blawdham15@tuttocitta.it | Male   | Dominican Republic | Software Consultant | Teal  | Dodge      | 1992           |
+------+------------+-----------+--------------------------+--------+--------------------+---------------------+-------+------------+----------------+
3 rows in set (0.00 sec)

mysql> select first_name, color from user where car_brand = 'toyota';
+------------+------------+
| first_name | color      |
+------------+------------+
| Leland     | Maroon     |
| Didi       | Puce       |
| Sander     | Turquoise  |
| Zane       | Aquamarine |
| Allan      | Green      |
| Camellia   | Yellow     |
| Beniamino  | Red        |
+------------+------------+
7 rows in set (0.00 sec)

mysql> select id, first_name, car_brand from user where car_model_year >=2000;
+------+------------+---------------+
| id   | first_name | car_brand     |
+------+------------+---------------+
|    1 | Fletch     | Kia           |
|    3 | Brigid     | Aston Martin  |
|    6 | Eachelle   | GMC           |
|    8 | Dukey      | Infiniti      |
|   10 | Byran      | Volvo         |
|   11 | Luther     | Lincoln       |
|   13 | Lara       | GMC           |
|   17 | Gleda      | GMC           |
|   21 | Darsie     | Aston Martin  |
|   22 | Randee     | Lexus         |
|   24 | Elana      | Chevrolet     |
|   25 | Kylen      | Land Rover    |
|   26 | Georgie    | Chevrolet     |
|   30 | Monty      | Mitsubishi    |
|   31 | Yoko       | Mercury       |
|   32 | Lemar      | Bugatti       |
|   34 | Kory       | Chrysler      |
|   35 | Pavia      | Kia           |
|   36 | Leland     | Toyota        |
|   37 | Lindsey    | Bentley       |
|   40 | Jeth       | Land Rover    |
|   43 | Renell     | GMC           |
|   44 | Kerwinn    | Saturn        |
|   45 | Darrel     | Hummer        |
|   46 | Sander     | Toyota        |
|   48 | Freddi     | Ram           |
|   50 | Abey       | Chevrolet     |
|   52 | Everett    | Ford          |
|   53 | Noni       | Chevrolet     |
|   54 | Shay       | Pontiac       |
|   55 | Anatole    | Ram           |
|   59 | Brunhilde  | Honda         |
|   60 | Rickie     | Porsche       |
|   63 | Keefe      | Nissan        |
|   64 | Dedra      | Volvo         |
|   65 | Alain      | Isuzu         |
|   67 | Riccardo   | Dodge         |
|   68 | Ardis      | Dodge         |
|   69 | Tam        | Volvo         |
|   70 | Leese      | Mercedes-Benz |
|   72 | Shurlock   | Mazda         |
|   73 | Cornie     | Mitsubishi    |
|   74 | Bondy      | Jaguar        |
|   78 | Kingsley   | Dodge         |
|   80 | Chas       | Ford          |
|   84 | Renell     | Dodge         |
|   87 | Jonathan   | Buick         |
|   88 | Janenna    | Honda         |
|   89 | Klarika    | Ford          |
|   90 | Cathee     | Aptera        |
|   91 | Robbie     | Cadillac      |
|   92 | Isidro     | Acura         |
|   93 | Anetta     | Acura         |
|   94 | Briano     | Volkswagen    |
|   95 | Linette    | BMW           |
|  100 | Shandee    | Dodge         |
|  101 | Leola      | Suzuki        |
|  102 | Sebastiano | Lexus         |
|  103 | Camellia   | Toyota        |
|  105 | Vinny      | Honda         |
|  106 | Ugo        | GMC           |
|  107 | Orion      | GMC           |
|  108 | Ignace     | Mitsubishi    |
|  111 | Jennie     | Cadillac      |
|  116 | Patten     | Kia           |
|  117 | Ambrose    | Ford          |
|  118 | Neill      | Ford          |
|  121 | Penny      | Dodge         |
|  122 | Oralee     | Maserati      |
|  125 | Mariann    | Suzuki        |
|  128 | Aldous     | GMC           |
|  129 | Nicolai    | Chevrolet     |
|  130 | Portie     | Porsche       |
|  131 | Nahum      | Honda         |
|  135 | Arda       | Buick         |
|  136 | Henri      | Dodge         |
|  138 | Dallis     | Chevrolet     |
|  139 | Zahara     | GMC           |
|  140 | Rance      | Nissan        |
|  142 | Neall      | Infiniti      |
|  143 | Adel       | GMC           |
|  144 | Anthe      | Mazda         |
|  145 | Erhard     | Scion         |
|  147 | Lyndsey    | Mercury       |
|  148 | Adamo      | Mercedes-Benz |
|  149 | Alexei     | Volvo         |
|  150 | Ardath     | Saturn        |
|  151 | Ibbie      | Mitsubishi    |
|  154 | Joana      | GMC           |
|  155 | Erena      | Honda         |
|  156 | Jacqueline | Nissan        |
|  157 | Abbe       | BMW           |
|  159 | Brod       | Land Rover    |
|  160 | Jillie     | Pontiac       |
|  161 | Sella      | Dodge         |
|  162 | Whit       | Chrysler      |
|  163 | Johannah   | Infiniti      |
|  165 | Joseph     | Plymouth      |
|  168 | Lennie     | Lexus         |
|  173 | Chip       | Pontiac       |
|  174 | Ddene      | Kia           |
|  176 | Henka      | Mazda         |
|  177 | Alfonso    | Lincoln       |
|  178 | Sher       | Mercedes-Benz |
|  180 | Iggy       | BMW           |
|  181 | Filippa    | Ford          |
|  182 | Florette   | BMW           |
|  183 | Kari       | Cadillac      |
|  184 | Malcolm    | Mazda         |
|  185 | Devina     | Acura         |
|  186 | Sergei     | Dodge         |
|  187 | Nevil      | Infiniti      |
|  188 | Edy        | Cadillac      |
|  189 | Daphene    | Buick         |
|  190 | Rowney     | Mitsubishi    |
|  192 | Bruis      | Buick         |
|  193 | Travus     | Ford          |
|  194 | Berkley    | Kia           |
|  196 | Jephthah   | Jeep          |
|  197 | Kevina     | Audi          |
|  198 | Clarette   | Hummer        |
|  199 | Denver     | Cadillac      |
|  200 | Sammy      | Mitsubishi    |
+------+------------+---------------+
123 rows in set (0.02 sec)

mysql> select * from user where car_brand != 'BMW';
+------+------------+------------------------+------------------------------------+--------+-----------------------+--------------------------------------+------------+---------------+----------------+
| id   | first_name | last_name              | email                              | gender | country               | job_title                            | color      | car_brand     | car_model_year |
+------+------------+------------------------+------------------------------------+--------+-----------------------+--------------------------------------+------------+---------------+----------------+
|    1 | Fletch     | Purchase               | fpurchase0@japanpost.jp            | Male   | China                 | Web Designer IV                      | Crimson    | Kia           | 2009           |
|    2 | Dede       | Dimmack                | ddimmack1@cornell.edu              | Female | Brazil                | Project Manager                      | Pink       | Oldsmobile    | 1998           |
|    3 | Brigid     | Sheward                | bsheward2@livejournal.com          | Female | Spain                 | Data Coordiator                      | Indigo     | Aston Martin  | 2009           |
|    4 | Lauryn     | Clampe                 | lclampe3@upenn.edu                 | Female | Portugal              | Environmental Tech                   | Maroon     | Mercury       | 1991           |
|    5 | Griffin    | Tupp                   | gtupp4@zimbio.com                  | Male   | Greece                | VP Marketing                         | Purple     | Mercedes-Benz | 1993           |
|    6 | Eachelle   | Brierley               | ebrierley5@cocolog-nifty.com       | Female | China                 | Safety Technician I                  | Green      | GMC           | 2003           |
|    7 | Andria     | Abernethy              | aabernethy6@arstechnica.com        | Female | Indonesia             | Civil Engineer                       | Green      | Buick         | 1994           |
|    8 | Dukey      | Weatherhead            | dweatherhead7@hc360.com            | Male   | Brazil                | Civil Engineer                       | Teal       | Infiniti      | 2002           |
|    9 | Dion       | Stud                   | dstud8@instagram.com               | Male   | American Samoa        | Internal Auditor                     | Pink       | Suzuki        | 1996           |
|   10 | Byran      | Reburn                 | breburn9@go.com                    | Male   | Yemen                 | Editor                               | Yellow     | Volvo         | 2000           |
|   11 | Luther     | Tripony                | ltriponya@issuu.com                | Male   | Indonesia             | VP Marketing                         | Red        | Lincoln       | 2012           |
|   12 | Yanaton    | Maddrell               | ymaddrellb@zimbio.com              | Male   | United States         | VP Accounting                        | Yellow     | Audi          | 1986           |
|   13 | Lara       | Treharne               | ltreharnec@nbcnews.com             | Female | Brazil                | Community Outreach Specialist        | Purple     | GMC           | 2010           |
|   14 | Iris       | Ortler                 | iortlerd@paypal.com                | Female | Mexico                | Human Resources Manager              | Goldenrod  | Isuzu         | 1999           |
|   15 | Horst      | Gerard                 | hgerarde@g.co                      | Male   | Bulgaria              | Data Coordiator                      | Purple     | Daihatsu      | 1992           |
|   16 | Tito       | Gruby                  | tgrubyf@jiathis.com                | Male   | Brazil                | Software Test Engineer I             | Crimson    | Nissan        | 1999           |
|   17 | Gleda      | Hartzog                | ghartzogg@blogger.com              | Female | China                 | Assistant Media Planner              | Turquoise  | GMC           | 2007           |
|   18 | Monah      | Kmiec                  | mkmiech@edublogs.org               | Female | Mongolia              | Research Associate                   | Puce       | Chevrolet     | 1994           |
|   19 | Kirstyn    | Wardrope               | kwardropei@mapy.cz                 | Female | Russia                | Budget/Accounting Analyst I          | Turquoise  | Mazda         | 1994           |
|   20 | Fulton     | Milborn                | fmilbornj@oracle.com               | Male   | Dominican Republic    | VP Accounting                        | Fuscia     | Nissan        | 1996           |
|   21 | Darsie     | Reddish                | dreddishk@seesaa.net               | Female | Palestinian Territory | Accounting Assistant II              | Red        | Aston Martin  | 2010           |
|   22 | Randee     | Kiloh                  | rkilohl@apache.org                 | Female | Belize                | Staff Scientist                      | Turquoise  | Lexus         | 2012           |
|   23 | Hardy      | Danielkiewicz          | hdanielkiewiczm@imdb.com           | Male   | Brazil                | Internal Auditor                     | Blue       | Buick         | 1990           |
|   24 | Elana      | Gauvin                 | egauvinn@com.com                   | Female | Czech Republic        | Software Consultant                  | Teal       | Chevrolet     | 2001           |
|   25 | Kylen      | Geldert                | kgelderto@goo.ne.jp                | Female | United States         | Software Consultant                  | Mauv       | Land Rover    | 2010           |
|   26 | Georgie    | Benam                  | gbenamp@java.com                   | Male   | Portugal              | Statistician II                      | Turquoise  | Chevrolet     | 2012           |
|   27 | Marylou    | Matula                 | mmatulaq@printfriendly.com         | Female | Poland                | Research Nurse                       | Crimson    | Mercury       | 1996           |
|   28 | Petronia   | Dagger                 | pdaggerr@diigo.com                 | Female | Indonesia             | Environmental Specialist             | Aquamarine | Honda         | 1993           |
|   29 | Thornie    | Truran                 | ttrurans@google.com.hk             | Male   | Uganda                | Speech Pathologist                   | Yellow     | Dodge         | 1992           |
|   30 | Monty      | Molden                 | mmoldent@flavors.me                | Male   | Russia                | Assistant Professor                  | Mauv       | Mitsubishi    | 2012           |
|   31 | Yoko       | Vasler                 | yvasleru@shareasale.com            | Female | Colombia              | Systems Administrator I              | Yellow     | Mercury       | 2000           |
|   32 | Lemar      | Takis                  | ltakisv@gizmodo.com                | Male   | Russia                | Assistant Manager                    | Red        | Bugatti       | 2011           |
|   33 | Jazmin     | Courage                | jcouragew@icio.us                  | Female | San Marino            | Web Designer III                     | Purple     | Honda         | 1986           |
|   34 | Kory       | Waud                   | kwaudx@cam.ac.uk                   | Male   | China                 | Civil Engineer                       | Red        | Chrysler      | 2004           |
|   35 | Pavia      | Mynard                 | pmynardy@friendfeed.com            | Female | Lebanon               | Administrative Assistant I           | Green      | Kia           | 2008           |
|   36 | Leland     | Takis                  | ltakisz@bigcartel.com              | Female | China                 | Analyst Programmer                   | Maroon     | Toyota        | 2007           |
|   37 | Lindsey    | Rubinovitch            | lrubinovitch10@goo.ne.jp           | Male   | China                 | Accounting Assistant IV              | Green      | Bentley       | 2009           |
|   38 | Hewie      | Leyrroyd               | hleyrroyd11@devhub.com             | Male   | Indonesia             | Financial Analyst                    | Teal       | Suzuki        | 1986           |
|   39 | Scotty     | Thorowgood             | sthorowgood12@arizona.edu          | Male   | China                 | Health Coach IV                      | Mauv       | Chevrolet     | 1994           |
|   40 | Jeth       | Ousby                  | jousby13@wikispaces.com            | Male   | Russia                | Clinical Specialist                  | Khaki      | Land Rover    | 2008           |
|   41 | Didi       | Edinborough            | dedinborough14@buzzfeed.com        | Female | Philippines           | Internal Auditor                     | Puce       | Toyota        | 1992           |
|   42 | Barnett    | Lawdham                | blawdham15@tuttocitta.it           | Male   | Dominican Republic    | Software Consultant                  | Teal       | Dodge         | 1992           |
|   43 | Renell     | Springell              | rspringell16@dropbox.com           | Female | China                 | VP Quality Control                   | Maroon     | GMC           | 2002           |
|   44 | Kerwinn    | Duffie                 | kduffie17@nature.com               | Male   | Philippines           | Geologist II                         | Indigo     | Saturn        | 2007           |
|   45 | Darrel     | Mannock                | dmannock18@deviantart.com          | Male   | Indonesia             | Research Nurse                       | Violet     | Hummer        | 2009           |
|   46 | Sander     | Learmond               | slearmond19@china.com.cn           | Male   | Japan                 | Analyst Programmer                   | Turquoise  | Toyota        | 2004           |
|   47 | Daune      | Poles                  | dpoles1a@spotify.com               | Female | Indonesia             | Community Outreach Specialist        | Teal       | Geo           | 1992           |
|   48 | Freddi     | Hunday                 | fhunday1b@google.co.jp             | Female | Philippines           | GIS Technical Architect              | Indigo     | Ram           | 2011           |
|   49 | Pancho     | Partlett               | ppartlett1c@irs.gov                | Male   | Tanzania              | Nuclear Power Engineer               | Orange     | Mitsubishi    | 1984           |
|   50 | Abey       | Corballis              | acorballis1d@dyndns.org            | Male   | Portugal              | Office Assistant I                   | Orange     | Chevrolet     | 2005           |
|   51 | Dasya      | Fairham                | dfairham1e@i2i.jp                  | Female | Brazil                | Staff Accountant IV                  | Crimson    | Ford          | 1988           |
|   52 | Everett    | Marousek               | emarousek1f@acquirethisname.com    | Male   | Finland               | Social Worker                        | Mauv       | Ford          | 2009           |
|   53 | Noni       | Halksworth             | nhalksworth1g@rediff.com           | Female | China                 | Junior Executive                     | Puce       | Chevrolet     | 2000           |
|   54 | Shay       | Bradden                | sbradden1h@biglobe.ne.jp           | Female | Portugal              | Recruiter                            | Yellow     | Pontiac       | 2005           |
|   55 | Anatole    | Spawforth              | aspawforth1i@unesco.org            | Male   | Ukraine               | Web Designer II                      | Teal       | Ram           | 2011           |
|   56 | Rora       | Sturge                 | rsturge1j@networksolutions.com     | Female | Philippines           | Occupational Therapist               | Indigo     | Hyundai       | 1993           |
|   57 | Brade      | Dooman                 | bdooman1k@scribd.com               | Male   | France                | Financial Advisor                    | Blue       | GMC           | 1995           |
|   58 | Andonis    | Charles                | acharles1l@mail.ru                 | Male   | China                 | Teacher                              | Green      | Chevrolet     | 1967           |
|   59 | Brunhilde  | Cartman                | bcartman1m@hugedomains.com         | Female | Tanzania              | Junior Executive                     | Red        | Honda         | 2008           |
|   60 | Rickie     | Marchment              | rmarchment1n@163.com               | Male   | Philippines           | Analog Circuit Design manager        | Indigo     | Porsche       | 2013           |
|   61 | Heddi      | Grigoli                | hgrigoli1o@va.gov                  | Female | Ukraine               | Chief Design Engineer                | Red        | Nissan        | 1997           |
|   63 | Keefe      | McRuvie                | kmcruvie1q@slideshare.net          | Male   | China                 | VP Quality Control                   | Indigo     | Nissan        | 2009           |
|   64 | Dedra      | Ebbin                  | debbin1r@spotify.com               | Female | Poland                | Nuclear Power Engineer               | Indigo     | Volvo         | 2003           |
|   65 | Alain      | Lamberto               | alamberto1s@nhs.uk                 | Male   | Indonesia             | Analog Circuit Design manager        | Red        | Isuzu         | 2002           |
|   66 | Patrizio   | Fewkes                 | pfewkes1t@meetup.com               | Male   | Thailand              | Professor                            | Red        | Ford          | 1995           |
|   67 | Riccardo   | Cron                   | rcron1u@blogs.com                  | Male   | Mexico                | Financial Analyst                    | Crimson    | Dodge         | 2007           |
|   68 | Ardis      | Abby                   | aabby1v@wired.com                  | Female | Russia                | Marketing Assistant                  | Blue       | Dodge         | 2005           |
|   69 | Tam        | Arpe                   | tarpe1w@yellowbook.com             | Male   | Russia                | Pharmacist                           | Khaki      | Volvo         | 2000           |
|   70 | Leese      | Inseal                 | linseal1x@istockphoto.com          | Female | Russia                | Sales Associate                      | Red        | Mercedes-Benz | 2009           |
|   71 | Antonino   | De Cristoforo          | adecristoforo1y@phpbb.com          | Male   | Philippines           | Office Assistant III                 | Goldenrod  | Mitsubishi    | 1990           |
|   72 | Shurlock   | Westmerland            | swestmerland1z@samsung.com         | Male   | Portugal              | Design Engineer                      | Aquamarine | Mazda         | 2012           |
|   73 | Cornie     | Percifull              | cpercifull20@skype.com             | Male   | China                 | Assistant Professor                  | Yellow     | Mitsubishi    | 2002           |
|   74 | Bondy      | Sainer                 | bsainer21@dot.gov                  | Male   | China                 | Developer IV                         | Orange     | Jaguar        | 2008           |
|   75 | Amandie    | Southall               | asouthall22@fotki.com              | Female | France                | VP Quality Control                   | Pink       | Land Rover    | 1999           |
|   76 | Zane       | Dommett                | zdommett23@imdb.com                | Male   | Thailand              | Clinical Specialist                  | Aquamarine | Toyota        | 1998           |
|   77 | Allan      | Pannett                | apannett24@4shared.com             | Male   | Palestinian Territory | Staff Accountant I                   | Green      | Toyota        | 1997           |
|   78 | Kingsley   | Pearcy                 | kpearcy25@typepad.com              | Male   | Norway                | Staff Accountant I                   | Yellow     | Dodge         | 2000           |
|   79 | Gwenora    | Millichap              | gmillichap26@wikia.com             | Female | China                 | Analyst Programmer                   | Mauv       | Mitsubishi    | 1999           |
|   80 | Chas       | Luxford                | cluxford27@yellowpages.com         | Male   | Indonesia             | Cost Accountant                      | Crimson    | Ford          | 2013           |
|   81 | Emmi       | Ranger                 | eranger28@google.it                | Female | Brazil                | Occupational Therapist               | Fuscia     | Dodge         | 1992           |
|   82 | Alaster    | Futter                 | afutter29@liveinternet.ru          | Male   | Dominican Republic    | Payment Adjustment Coordinator       | Goldenrod  | Mercedes-Benz | 1985           |
|   83 | Inna       | Medler                 | imedler2a@pagesperso-orange.fr     | Female | China                 | Health Coach II                      | Pink       | Mercedes-Benz | 1993           |
|   84 | Renell     | Saleway                | rsaleway2b@reference.com           | Female | China                 | Staff Scientist                      | Orange     | Dodge         | 2010           |
|   85 | Guinevere  | Rizzardo               | grizzardo2c@nbcnews.com            | Female | Madagascar            | Junior Executive                     | Mauv       | Mazda         | 1994           |
|   86 | Dru        | Lengthorn              | dlengthorn2d@soup.io               | Female | Peru                  | Senior Financial Analyst             | Blue       | Chevrolet     | 1994           |
|   87 | Jonathan   | MacGowan               | jmacgowan2e@homestead.com          | Male   | Vietnam               | VP Marketing                         | Mauv       | Buick         | 2003           |
|   88 | Janenna    | Millington             | jmillington2f@epa.gov              | Female | China                 | Chemical Engineer                    | Blue       | Honda         | 2011           |
|   89 | Klarika    | De Courtney            | kdecourtney2g@acquirethisname.com  | Female | China                 | Software Test Engineer IV            | Aquamarine | Ford          | 2007           |
|   90 | Cathee     | Mumbeson               | cmumbeson2h@webs.com               | Female | Peru                  | Editor                               | Blue       | Aptera        | 2008           |
|   91 | Robbie     | Colecrough             | rcolecrough2i@nsw.gov.au           | Male   | Ukraine               | Assistant Professor                  | Violet     | Cadillac      | 2006           |
|   92 | Isidro     | Coultas                | icoultas2j@miitbeian.gov.cn        | Male   | Haiti                 | Technical Writer                     | Khaki      | Acura         | 2011           |
|   93 | Anetta     | Minichi                | aminichi2k@webs.com                | Female | Thailand              | Geological Engineer                  | Teal       | Acura         | 2003           |
|   94 | Briano     | Fautly                 | bfautly2l@technorati.com           | Male   | Poland                | Structural Analysis Engineer         | Blue       | Volkswagen    | 2002           |
|   96 | Wash       | Pochin                 | wpochin2n@wikispaces.com           | Male   | China                 | Chemical Engineer                    | Green      | Mazda         | 1994           |
|   97 | Weider     | Bremmer                | wbremmer2o@un.org                  | Male   | Indonesia             | Electrical Engineer                  | Mauv       | Isuzu         | 1999           |
|   98 | Fanni      | Whitsun                | fwhitsun2p@theglobeandmail.com     | Female | China                 | Marketing Manager                    | Red        | Audi          | 1987           |
|   99 | Kris       | Chimienti              | kchimienti2q@zimbio.com            | Male   | Russia                | Speech Pathologist                   | Maroon     | Pontiac       | 1975           |
|  100 | Shandee    | Crombleholme           | scrombleholme2r@slashdot.org       | Female | United States         | VP Marketing                         | Aquamarine | Dodge         | 2006           |
|  101 | Leola      | Waterhowse             | lwaterhowse2s@webeden.co.uk        | Female | China                 | Analyst Programmer                   | Green      | Suzuki        | 2007           |
|  102 | Sebastiano | Derycot                | sderycot2t@columbia.edu            | Male   | Brazil                | Senior Sales Associate               | Khaki      | Lexus         | 2007           |
|  103 | Camellia   | Wickey                 | cwickey2u@cnbc.com                 | Female | Egypt                 | Occupational Therapist               | Yellow     | Toyota        | 2004           |
|  104 | Skell      | Hartles                | shartles2v@geocities.com           | Male   | Indonesia             | Accountant III                       | Violet     | Honda         | 1989           |
|  105 | Vinny      | Paskell                | vpaskell2w@odnoklassniki.ru        | Male   | Indonesia             | Help Desk Technician                 | Teal       | Honda         | 2006           |
|  106 | Ugo        | Stonehouse             | ustonehouse2x@cnbc.com             | Male   | Portugal              | Assistant Media Planner              | Red        | GMC           | 2010           |
|  107 | Orion      | Geaveny                | ogeaveny2y@tiny.cc                 | Male   | Indonesia             | Operator                             | Purple     | GMC           | 2007           |
|  108 | Ignace     | Meardon                | imeardon2z@example.com             | Male   | Philippines           | Marketing Assistant                  | Goldenrod  | Mitsubishi    | 2010           |
|  109 | Celesta    | Mulcahy                | cmulcahy30@chicagotribune.com      | Female | Thailand              | Chemical Engineer                    | Green      | Pontiac       | 1985           |
|  110 | Orton      | Glyssanne              | oglyssanne31@netlog.com            | Male   | China                 | Data Coordiator                      | Blue       | GMC           | 1993           |
|  111 | Jennie     | Lawless                | jlawless32@nasa.gov                | Female | Indonesia             | Director of Sales                    | Blue       | Cadillac      | 2012           |
|  112 | Virginia   | Sansome                | vsansome33@noaa.gov                | Female | Morocco               | Marketing Manager                    | Teal       | Mazda         | 1998           |
|  113 | Adah       | Berisford              | aberisford34@multiply.com          | Female | Indonesia             | Account Representative IV            | Pink       | Chevrolet     | 1997           |
|  114 | Valencia   | Petrusch               | vpetrusch35@deviantart.com         | Female | Japan                 | Paralegal                            | Purple     | Porsche       | 1988           |
|  115 | Beniamino  | Dashper                | bdashper36@sciencedaily.com        | Male   | Brazil                | Health Coach I                       | Red        | Toyota        | 1998           |
|  116 | Patten     | Ortiger                | portiger37@biblegateway.com        | Male   | Peru                  | Structural Engineer                  | Green      | Kia           | 2007           |
|  117 | Ambrose    | Denerley               | adenerley38@etsy.com               | Male   | Ukraine               | Software Test Engineer I             | Green      | Ford          | 2002           |
|  118 | Neill      | Billyard               | nbillyard39@youtube.com            | Male   | Indonesia             | Chief Design Engineer                | Crimson    | Ford          | 2008           |
|  119 | Jocelyn    | Seel                   | jseel3a@reddit.com                 | Female | Philippines           | Junior Executive                     | Indigo     | Chevrolet     | 1967           |
|  120 | Quintilla  | Tolomelli              | qtolomelli3b@usda.gov              | Female | China                 | Help Desk Technician                 | Red        | Mazda         | 1986           |
|  121 | Penny      | Quigley                | pquigley3c@latimes.com             | Male   | Vietnam               | Analyst Programmer                   | Violet     | Dodge         | 2003           |
|  122 | Oralee     | Rameau                 | orameau3d@google.pl                | Female | Armenia               | Editor                               | Orange     | Maserati      | 2010           |
|  123 | Beverley   | Trevethan              | btrevethan3e@oaic.gov.au           | Female | China                 | Automation Specialist II             | Red        | Dodge         | 1999           |
|  124 | Rorie      | Jerrim                 | rjerrim3f@economist.com            | Female | China                 | Nurse                                | Teal       | Suzuki        | 1992           |
|  125 | Mariann    | Peterken               | mpeterken3g@narod.ru               | Female | Marshall Islands      | Account Coordinator                  | Pink       | Suzuki        | 2012           |
|  126 | Cleopatra  | Westgarth              | cwestgarth3h@bravesites.com        | Female | Colombia              | Internal Auditor                     | Goldenrod  | Buick         | 1996           |
|  127 | Stillmann  | Stowte                 | sstowte3i@fema.gov                 | Male   | China                 | Information Systems Manager          | Orange     | Audi          | 1995           |
|  128 | Aldous     | Caesmans               | acaesmans3j@flavors.me             | Male   | Sweden                | Technical Writer                     | Purple     | GMC           | 2005           |
|  129 | Nicolai    | Kahen                  | nkahen3k@goodreads.com             | Male   | France                | Budget/Accounting Analyst IV         | Puce       | Chevrolet     | 2007           |
|  130 | Portie     | Giacovelli             | pgiacovelli3l@hao123.com           | Male   | China                 | Data Coordiator                      | Yellow     | Porsche       | 2011           |
|  131 | Nahum      | Copnell                | ncopnell3m@etsy.com                | Male   | Indonesia             | Project Manager                      | Teal       | Honda         | 2003           |
|  132 | Klemens    | Yanuk                  | kyanuk3n@mediafire.com             | Male   | Argentina             | Compensation Analyst                 | Khaki      | Buick         | 1987           |
|  133 | Kayne      | Hulles                 | khulles3o@clickbank.net            | Male   | Peru                  | Internal Auditor                     | Fuscia     | Acura         | 1996           |
|  134 | Gabrielle  | Koppeck                | gkoppeck3p@nasa.gov                | Female | Indonesia             | VP Marketing                         | Mauv       | Chevrolet     | 1992           |
|  135 | Arda       | Brakewell              | abrakewell3q@pbs.org               | Female | Madagascar            | Legal Assistant                      | Goldenrod  | Buick         | 2002           |
|  136 | Henri      | Lemary                 | hlemary3r@wired.com                | Male   | Tanzania              | Account Representative IV            | Turquoise  | Dodge         | 2003           |
|  137 | Waylon     | Gomery                 | wgomery3s@livejournal.com          | Male   | Afghanistan           | Actuary                              | Pink       | Chevrolet     | 1992           |
|  138 | Dallis     | Delion                 | ddelion3t@eventbrite.com           | Male   | Chad                  | General Manager                      | Green      | Chevrolet     | 2004           |
|  139 | Zahara     | Yandle                 | zyandle3u@1688.com                 | Female | China                 | Senior Quality Engineer              | Red        | GMC           | 2011           |
|  140 | Rance      | Dizlie                 | rdizlie3v@exblog.jp                | Male   | Thailand              | Payment Adjustment Coordinator       | Purple     | Nissan        | 2003           |
|  141 | Vinni      | Ridgewell              | vridgewell3w@cbc.ca                | Female | France                | Staff Accountant II                  | Crimson    | Pontiac       | 1997           |
|  142 | Neall      | Jeandot                | njeandot3x@fema.gov                | Male   | Brazil                | Database Administrator IV            | Fuscia     | Infiniti      | 2012           |
|  143 | Adel       | Brandin                | abrandin3y@pinterest.com           | Female | Russia                | Nurse                                | Crimson    | GMC           | 2002           |
|  144 | Anthe      | Wilacot                | awilacot3z@umich.edu               | Female | Peru                  | Sales Representative                 | Puce       | Mazda         | 2008           |
|  145 | Erhard     | Flatt                  | eflatt40@sfgate.com                | Male   | China                 | Civil Engineer                       | Pink       | Scion         | 2006           |
|  146 | Cully      | Geraldo                | cgeraldo41@berkeley.edu            | Male   | Indonesia             | Chemical Engineer                    | Aquamarine | Eagle         | 1995           |
|  147 | Lyndsey    | Siemandl               | lsiemandl42@mysql.com              | Female | Tanzania              | VP Quality Control                   | Yellow     | Mercury       | 2005           |
|  148 | Adamo      | Walshe                 | awalshe43@dagondesign.com          | Male   | Angola                | Software Test Engineer III           | Mauv       | Mercedes-Benz | 2011           |
|  149 | Alexei     | Nutton                 | anutton44@ustream.tv               | Male   | South Africa          | Junior Executive                     | Pink       | Volvo         | 2010           |
|  150 | Ardath     | Drayson                | adrayson45@is.gd                   | Female | Croatia               | Biostatistician III                  | Fuscia     | Saturn        | 2010           |
|  151 | Ibbie      | Grimbaldeston          | igrimbaldeston46@about.me          | Female | Poland                | VP Sales                             | Violet     | Mitsubishi    | 2007           |
|  152 | Benedick   | O' Connell             | boconnell47@amazon.com             | Male   | China                 | Web Designer IV                      | Pink       | Lotus         | 1993           |
|  153 | Thornie    | Wiltsher               | twiltsher48@wordpress.com          | Male   | Brazil                | Senior Cost Accountant               | Aquamarine | Mitsubishi    | 1988           |
|  154 | Joana      | Tolliday               | jtolliday49@fema.gov               | Female | Sweden                | Marketing Assistant                  | Violet     | GMC           | 2000           |
|  155 | Erena      | Follit                 | efollit4a@wired.com                | Female | Russia                | Business Systems Development Analyst | Mauv       | Honda         | 2005           |
|  156 | Jacqueline | MacCracken             | jmaccracken4b@google.com           | Female | Indonesia             | Budget/Accounting Analyst II         | Fuscia     | Nissan        | 2001           |
|  158 | Paulie     | Andrioli               | pandrioli4d@gmpg.org               | Male   | South Africa          | Developer I                          | Maroon     | Dodge         | 1993           |
|  159 | Brod       | Dike                   | bdike4e@imdb.com                   | Male   | Indonesia             | Environmental Specialist             | Aquamarine | Land Rover    | 2002           |
|  160 | Jillie     | Noulton                | jnoulton4f@foxnews.com             | Female | United States         | Chief Design Engineer                | Khaki      | Pontiac       | 2003           |
|  161 | Sella      | Sheldon                | ssheldon4g@dmoz.org                | Female | Poland                | Financial Advisor                    | Fuscia     | Dodge         | 2008           |
|  162 | Whit       | Pobjay                 | wpobjay4h@blinklist.com            | Male   | Gabon                 | Quality Engineer                     | Goldenrod  | Chrysler      | 2004           |
|  163 | Johannah   | Facchini               | jfacchini4i@xrea.com               | Female | China                 | Software Test Engineer IV            | Teal       | Infiniti      | 2011           |
|  164 | Auria      | Daniely                | adaniely4j@mit.edu                 | Female | Netherlands           | Food Chemist                         | Maroon     | Lincoln       | 1986           |
|  165 | Joseph     | Vauter                 | jvauter4k@ow.ly                    | Male   | China                 | Quality Control Specialist           | Violet     | Plymouth      | 2000           |
|  166 | Mariel     | Weddeburn - Scrimgeour | mweddeburnscrimgeour4l@shop-pro.jp | Female | China                 | Nurse Practicioner                   | Orange     | Pontiac       | 1983           |
|  167 | Dalt       | Davidsohn              | ddavidsohn4m@jalbum.net            | Male   | Mexico                | Research Associate                   | Indigo     | Mitsubishi    | 1992           |
|  168 | Lennie     | Masden                 | lmasden4n@nytimes.com              | Male   | Indonesia             | Senior Financial Analyst             | Indigo     | Lexus         | 2012           |
|  169 | Marcos     | Rumbold                | mrumbold4o@printfriendly.com       | Male   | Morocco               | Help Desk Operator                   | Teal       | Dodge         | 1996           |
|  170 | Rosana     | Verecker               | rverecker4p@linkedin.com           | Female | Philippines           | Pharmacist                           | Khaki      | GMC           | 1992           |
|  171 | Alexio     | Buttrick               | abuttrick4q@mapquest.com           | Male   | China                 | Assistant Media Planner              | Violet     | Chrysler      | 1993           |
|  172 | Hamilton   | Basnall                | hbasnall4r@reverbnation.com        | Male   | Portugal              | Nuclear Power Engineer               | Turquoise  | Ford          | 1986           |
|  173 | Chip       | Priddle                | cpriddle4s@mapquest.com            | Male   | Kazakhstan            | Biostatistician I                    | Yellow     | Pontiac       | 2006           |
|  174 | Ddene      | Rickerby               | drickerby4t@prnewswire.com         | Female | South Korea           | Environmental Tech                   | Khaki      | Kia           | 2011           |
|  175 | Clement    | Ondracek               | condracek4u@ezinearticles.com      | Male   | Russia                | Librarian                            | Violet     | Volvo         | 1993           |
|  176 | Henka      | Kopps                  | hkopps4v@nyu.edu                   | Female | Canada                | Research Nurse                       | Green      | Mazda         | 2002           |
|  177 | Alfonso    | Abramof                | aabramof4w@squarespace.com         | Male   | Indonesia             | Physical Therapy Assistant           | Turquoise  | Lincoln       | 2002           |
|  178 | Sher       | Kember                 | skember4x@meetup.com               | Female | United States         | Biostatistician III                  | Violet     | Mercedes-Benz | 2004           |
|  179 | Lorilyn    | Tapp                   | ltapp4y@latimes.com                | Female | Ivory Coast           | Analyst Programmer                   | Red        | Chevrolet     | 1991           |
|  181 | Filippa    | Brewett                | fbrewett50@hud.gov                 | Female | Russia                | Electrical Engineer                  | Puce       | Ford          | 2003           |
|  183 | Kari       | Begwell                | kbegwell52@europa.eu               | Female | Indonesia             | Clinical Specialist                  | Red        | Cadillac      | 2006           |
|  184 | Malcolm    | Rose                   | mrose53@de.vu                      | Male   | Burkina Faso          | Account Representative III           | Violet     | Mazda         | 2001           |
|  185 | Devina     | McKeaveney             | dmckeaveney54@yelp.com             | Female | Philippines           | Structural Analysis Engineer         | Purple     | Acura         | 2010           |
|  186 | Sergei     | Shilstone              | sshilstone55@ed.gov                | Male   | China                 | VP Accounting                        | Crimson    | Dodge         | 2006           |
|  187 | Nevil      | Ahern                  | nahern56@unblog.fr                 | Male   | Zimbabwe              | Human Resources Manager              | Mauv       | Infiniti      | 2002           |
|  188 | Edy        | Antliff                | eantliff57@tuttocitta.it           | Female | South Africa          | Executive Secretary                  | Green      | Cadillac      | 2012           |
|  189 | Daphene    | Kite                   | dkite58@ifeng.com                  | Female | Indonesia             | Senior Developer                     | Maroon     | Buick         | 2010           |
|  190 | Rowney     | Enochsson              | renochsson59@va.gov                | Male   | South Africa          | Computer Systems Analyst IV          | Yellow     | Mitsubishi    | 2006           |
|  191 | Bastian    | Nealy                  | bnealy5a@imageshack.us             | Male   | Russia                | Environmental Specialist             | Orange     | Mitsubishi    | 1989           |
|  192 | Bruis      | Dongles                | bdongles5b@blogger.com             | Male   | Indonesia             | Compensation Analyst                 | Mauv       | Buick         | 2011           |
|  193 | Travus     | Da Costa               | tdacosta5c@rakuten.co.jp           | Male   | Indonesia             | VP Accounting                        | Red        | Ford          | 2002           |
|  194 | Berkley    | Garstan                | bgarstan5d@berkeley.edu            | Male   | Greece                | Quality Control Specialist           | Mauv       | Kia           | 2010           |
|  195 | Idelle     | Petzold                | ipetzold5e@mozilla.com             | Female | Philippines           | Chief Design Engineer                | Crimson    | Volkswagen    | 1985           |
|  196 | Jephthah   | Smolan                 | jsmolan5f@topsy.com                | Male   | China                 | Director of Sales                    | Turquoise  | Jeep          | 2012           |
|  197 | Kevina     | Trood                  | ktrood5g@nhs.uk                    | Female | Portugal              | Developer I                          | Crimson    | Audi          | 2002           |
|  198 | Clarette   | Mallord                | cmallord5h@t.co                    | Female | United States         | Environmental Specialist             | Goldenrod  | Hummer        | 2002           |
|  199 | Denver     | Fearnyhough            | dfearnyhough5i@msu.edu             | Male   | China                 | Help Desk Operator                   | Indigo     | Cadillac      | 2005           |
|  200 | Sammy      | Malpas                 | smalpas5j@dion.ne.jp               | Male   | Indonesia             | Accountant I                         | Khaki      | Mitsubishi    | 2002           |
+------+------------+------------------------+------------------------------------+--------+-----------------------+--------------------------------------+------------+---------------+----------------+
195 rows in set (0.00 sec)

mysql> select * from user where country = 'india' and car_brand = 'toyota';
Empty set (0.00 sec)

mysql> select * from user where country = 'united states' and car_brand = 'bugatti';
Empty set (0.00 sec)

mysql> select * from user where gender = 'male' and car_brand = 'ford';
+------+------------+-----------+---------------------------------+--------+-----------+--------------------------+-----------+-----------+----------------+
| id   | first_name | last_name | email                           | gender | country   | job_title                | color     | car_brand | car_model_year |
+------+------------+-----------+---------------------------------+--------+-----------+--------------------------+-----------+-----------+----------------+
|   52 | Everett    | Marousek  | emarousek1f@acquirethisname.com | Male   | Finland   | Social Worker            | Mauv      | Ford      | 2009           |
|   66 | Patrizio   | Fewkes    | pfewkes1t@meetup.com            | Male   | Thailand  | Professor                | Red       | Ford      | 1995           |
|   80 | Chas       | Luxford   | cluxford27@yellowpages.com      | Male   | Indonesia | Cost Accountant          | Crimson   | Ford      | 2013           |
|  117 | Ambrose    | Denerley  | adenerley38@etsy.com            | Male   | Ukraine   | Software Test Engineer I | Green     | Ford      | 2002           |
|  118 | Neill      | Billyard  | nbillyard39@youtube.com         | Male   | Indonesia | Chief Design Engineer    | Crimson   | Ford      | 2008           |
|  172 | Hamilton   | Basnall   | hbasnall4r@reverbnation.com     | Male   | Portugal  | Nuclear Power Engineer   | Turquoise | Ford      | 1986           |
|  193 | Travus     | Da Costa  | tdacosta5c@rakuten.co.jp        | Male   | Indonesia | VP Accounting            | Red       | Ford      | 2002           |
+------+------------+-----------+---------------------------------+--------+-----------+--------------------------+-----------+-----------+----------------+
7 rows in set (0.00 sec)

mysql> select * from user where car_brand = 'bmw' and car_model_year <= 1990;
Empty set (0.00 sec)

mysql> desc user;
+----------------+-------------+------+-----+---------+-------+
| Field          | Type        | Null | Key | Default | Extra |
+----------------+-------------+------+-----+---------+-------+
| id             | int(11)     | YES  |     | NULL    |       |
| first_name     | varchar(50) | YES  |     | NULL    |       |
| last_name      | varchar(50) | YES  |     | NULL    |       |
| email          | varchar(50) | YES  |     | NULL    |       |
| gender         | varchar(50) | YES  |     | NULL    |       |
| country        | varchar(50) | YES  |     | NULL    |       |
| job_title      | varchar(50) | YES  |     | NULL    |       |
| color          | varchar(50) | YES  |     | NULL    |       |
| car_brand      | varchar(50) | YES  |     | NULL    |       |
| car_model_year | varchar(50) | YES  |     | NULL    |       |
+----------------+-------------+------+-----+---------+-------+
10 rows in set (0.00 sec)

mysql> select * from user where car_brand = 'bmw' and car_model_year <= '1990';
Empty set (0.00 sec)

mysql> select * from user where job_title = 'senior developer' and country = 'china';
Empty set (0.00 sec)

mysql> select * from user where job_title != 'senior developer' and country = 'china';
+------+------------+------------------------+------------------------------------+--------+---------+-----------------------------+------------+---------------+----------------+
| id   | first_name | last_name              | email                              | gender | country | job_title                   | color      | car_brand     | car_model_year |
+------+------------+------------------------+------------------------------------+--------+---------+-----------------------------+------------+---------------+----------------+
|    1 | Fletch     | Purchase               | fpurchase0@japanpost.jp            | Male   | China   | Web Designer IV             | Crimson    | Kia           | 2009           |
|    6 | Eachelle   | Brierley               | ebrierley5@cocolog-nifty.com       | Female | China   | Safety Technician I         | Green      | GMC           | 2003           |
|   17 | Gleda      | Hartzog                | ghartzogg@blogger.com              | Female | China   | Assistant Media Planner     | Turquoise  | GMC           | 2007           |
|   34 | Kory       | Waud                   | kwaudx@cam.ac.uk                   | Male   | China   | Civil Engineer              | Red        | Chrysler      | 2004           |
|   36 | Leland     | Takis                  | ltakisz@bigcartel.com              | Female | China   | Analyst Programmer          | Maroon     | Toyota        | 2007           |
|   37 | Lindsey    | Rubinovitch            | lrubinovitch10@goo.ne.jp           | Male   | China   | Accounting Assistant IV     | Green      | Bentley       | 2009           |
|   39 | Scotty     | Thorowgood             | sthorowgood12@arizona.edu          | Male   | China   | Health Coach IV             | Mauv       | Chevrolet     | 1994           |
|   43 | Renell     | Springell              | rspringell16@dropbox.com           | Female | China   | VP Quality Control          | Maroon     | GMC           | 2002           |
|   53 | Noni       | Halksworth             | nhalksworth1g@rediff.com           | Female | China   | Junior Executive            | Puce       | Chevrolet     | 2000           |
|   58 | Andonis    | Charles                | acharles1l@mail.ru                 | Male   | China   | Teacher                     | Green      | Chevrolet     | 1967           |
|   62 | Beth       | Mander                 | bmander1p@businesswire.com         | Female | China   | Occupational Therapist      | Fuscia     | BMW           | 1993           |
|   63 | Keefe      | McRuvie                | kmcruvie1q@slideshare.net          | Male   | China   | VP Quality Control          | Indigo     | Nissan        | 2009           |
|   73 | Cornie     | Percifull              | cpercifull20@skype.com             | Male   | China   | Assistant Professor         | Yellow     | Mitsubishi    | 2002           |
|   74 | Bondy      | Sainer                 | bsainer21@dot.gov                  | Male   | China   | Developer IV                | Orange     | Jaguar        | 2008           |
|   79 | Gwenora    | Millichap              | gmillichap26@wikia.com             | Female | China   | Analyst Programmer          | Mauv       | Mitsubishi    | 1999           |
|   83 | Inna       | Medler                 | imedler2a@pagesperso-orange.fr     | Female | China   | Health Coach II             | Pink       | Mercedes-Benz | 1993           |
|   84 | Renell     | Saleway                | rsaleway2b@reference.com           | Female | China   | Staff Scientist             | Orange     | Dodge         | 2010           |
|   88 | Janenna    | Millington             | jmillington2f@epa.gov              | Female | China   | Chemical Engineer           | Blue       | Honda         | 2011           |
|   89 | Klarika    | De Courtney            | kdecourtney2g@acquirethisname.com  | Female | China   | Software Test Engineer IV   | Aquamarine | Ford          | 2007           |
|   95 | Linette    | Howells                | lhowells2m@ftc.gov                 | Female | China   | Senior Editor               | Blue       | BMW           | 2012           |
|   96 | Wash       | Pochin                 | wpochin2n@wikispaces.com           | Male   | China   | Chemical Engineer           | Green      | Mazda         | 1994           |
|   98 | Fanni      | Whitsun                | fwhitsun2p@theglobeandmail.com     | Female | China   | Marketing Manager           | Red        | Audi          | 1987           |
|  101 | Leola      | Waterhowse             | lwaterhowse2s@webeden.co.uk        | Female | China   | Analyst Programmer          | Green      | Suzuki        | 2007           |
|  110 | Orton      | Glyssanne              | oglyssanne31@netlog.com            | Male   | China   | Data Coordiator             | Blue       | GMC           | 1993           |
|  120 | Quintilla  | Tolomelli              | qtolomelli3b@usda.gov              | Female | China   | Help Desk Technician        | Red        | Mazda         | 1986           |
|  123 | Beverley   | Trevethan              | btrevethan3e@oaic.gov.au           | Female | China   | Automation Specialist II    | Red        | Dodge         | 1999           |
|  124 | Rorie      | Jerrim                 | rjerrim3f@economist.com            | Female | China   | Nurse                       | Teal       | Suzuki        | 1992           |
|  127 | Stillmann  | Stowte                 | sstowte3i@fema.gov                 | Male   | China   | Information Systems Manager | Orange     | Audi          | 1995           |
|  130 | Portie     | Giacovelli             | pgiacovelli3l@hao123.com           | Male   | China   | Data Coordiator             | Yellow     | Porsche       | 2011           |
|  139 | Zahara     | Yandle                 | zyandle3u@1688.com                 | Female | China   | Senior Quality Engineer     | Red        | GMC           | 2011           |
|  145 | Erhard     | Flatt                  | eflatt40@sfgate.com                | Male   | China   | Civil Engineer              | Pink       | Scion         | 2006           |
|  152 | Benedick   | O' Connell             | boconnell47@amazon.com             | Male   | China   | Web Designer IV             | Pink       | Lotus         | 1993           |
|  163 | Johannah   | Facchini               | jfacchini4i@xrea.com               | Female | China   | Software Test Engineer IV   | Teal       | Infiniti      | 2011           |
|  165 | Joseph     | Vauter                 | jvauter4k@ow.ly                    | Male   | China   | Quality Control Specialist  | Violet     | Plymouth      | 2000           |
|  166 | Mariel     | Weddeburn - Scrimgeour | mweddeburnscrimgeour4l@shop-pro.jp | Female | China   | Nurse Practicioner          | Orange     | Pontiac       | 1983           |
|  171 | Alexio     | Buttrick               | abuttrick4q@mapquest.com           | Male   | China   | Assistant Media Planner     | Violet     | Chrysler      | 1993           |
|  186 | Sergei     | Shilstone              | sshilstone55@ed.gov                | Male   | China   | VP Accounting               | Crimson    | Dodge         | 2006           |
|  196 | Jephthah   | Smolan                 | jsmolan5f@topsy.com                | Male   | China   | Director of Sales           | Turquoise  | Jeep          | 2012           |
|  199 | Denver     | Fearnyhough            | dfearnyhough5i@msu.edu             | Male   | China   | Help Desk Operator          | Indigo     | Cadillac      | 2005           |
+------+------------+------------------------+------------------------------------+--------+---------+-----------------------------+------------+---------------+----------------+
39 rows in set (0.00 sec)

mysql> select * from user where color != 'blue' and country != 'canada';
+------+------------+------------------------+------------------------------------+--------+-----------------------+--------------------------------------+------------+---------------+----------------+
| id   | first_name | last_name              | email                              | gender | country               | job_title                            | color      | car_brand     | car_model_year |
+------+------------+------------------------+------------------------------------+--------+-----------------------+--------------------------------------+------------+---------------+----------------+
|    1 | Fletch     | Purchase               | fpurchase0@japanpost.jp            | Male   | China                 | Web Designer IV                      | Crimson    | Kia           | 2009           |
|    2 | Dede       | Dimmack                | ddimmack1@cornell.edu              | Female | Brazil                | Project Manager                      | Pink       | Oldsmobile    | 1998           |
|    3 | Brigid     | Sheward                | bsheward2@livejournal.com          | Female | Spain                 | Data Coordiator                      | Indigo     | Aston Martin  | 2009           |
|    4 | Lauryn     | Clampe                 | lclampe3@upenn.edu                 | Female | Portugal              | Environmental Tech                   | Maroon     | Mercury       | 1991           |
|    5 | Griffin    | Tupp                   | gtupp4@zimbio.com                  | Male   | Greece                | VP Marketing                         | Purple     | Mercedes-Benz | 1993           |
|    6 | Eachelle   | Brierley               | ebrierley5@cocolog-nifty.com       | Female | China                 | Safety Technician I                  | Green      | GMC           | 2003           |
|    7 | Andria     | Abernethy              | aabernethy6@arstechnica.com        | Female | Indonesia             | Civil Engineer                       | Green      | Buick         | 1994           |
|    8 | Dukey      | Weatherhead            | dweatherhead7@hc360.com            | Male   | Brazil                | Civil Engineer                       | Teal       | Infiniti      | 2002           |
|    9 | Dion       | Stud                   | dstud8@instagram.com               | Male   | American Samoa        | Internal Auditor                     | Pink       | Suzuki        | 1996           |
|   10 | Byran      | Reburn                 | breburn9@go.com                    | Male   | Yemen                 | Editor                               | Yellow     | Volvo         | 2000           |
|   11 | Luther     | Tripony                | ltriponya@issuu.com                | Male   | Indonesia             | VP Marketing                         | Red        | Lincoln       | 2012           |
|   12 | Yanaton    | Maddrell               | ymaddrellb@zimbio.com              | Male   | United States         | VP Accounting                        | Yellow     | Audi          | 1986           |
|   13 | Lara       | Treharne               | ltreharnec@nbcnews.com             | Female | Brazil                | Community Outreach Specialist        | Purple     | GMC           | 2010           |
|   14 | Iris       | Ortler                 | iortlerd@paypal.com                | Female | Mexico                | Human Resources Manager              | Goldenrod  | Isuzu         | 1999           |
|   15 | Horst      | Gerard                 | hgerarde@g.co                      | Male   | Bulgaria              | Data Coordiator                      | Purple     | Daihatsu      | 1992           |
|   16 | Tito       | Gruby                  | tgrubyf@jiathis.com                | Male   | Brazil                | Software Test Engineer I             | Crimson    | Nissan        | 1999           |
|   17 | Gleda      | Hartzog                | ghartzogg@blogger.com              | Female | China                 | Assistant Media Planner              | Turquoise  | GMC           | 2007           |
|   18 | Monah      | Kmiec                  | mkmiech@edublogs.org               | Female | Mongolia              | Research Associate                   | Puce       | Chevrolet     | 1994           |
|   19 | Kirstyn    | Wardrope               | kwardropei@mapy.cz                 | Female | Russia                | Budget/Accounting Analyst I          | Turquoise  | Mazda         | 1994           |
|   20 | Fulton     | Milborn                | fmilbornj@oracle.com               | Male   | Dominican Republic    | VP Accounting                        | Fuscia     | Nissan        | 1996           |
|   21 | Darsie     | Reddish                | dreddishk@seesaa.net               | Female | Palestinian Territory | Accounting Assistant II              | Red        | Aston Martin  | 2010           |
|   22 | Randee     | Kiloh                  | rkilohl@apache.org                 | Female | Belize                | Staff Scientist                      | Turquoise  | Lexus         | 2012           |
|   24 | Elana      | Gauvin                 | egauvinn@com.com                   | Female | Czech Republic        | Software Consultant                  | Teal       | Chevrolet     | 2001           |
|   25 | Kylen      | Geldert                | kgelderto@goo.ne.jp                | Female | United States         | Software Consultant                  | Mauv       | Land Rover    | 2010           |
|   26 | Georgie    | Benam                  | gbenamp@java.com                   | Male   | Portugal              | Statistician II                      | Turquoise  | Chevrolet     | 2012           |
|   27 | Marylou    | Matula                 | mmatulaq@printfriendly.com         | Female | Poland                | Research Nurse                       | Crimson    | Mercury       | 1996           |
|   28 | Petronia   | Dagger                 | pdaggerr@diigo.com                 | Female | Indonesia             | Environmental Specialist             | Aquamarine | Honda         | 1993           |
|   29 | Thornie    | Truran                 | ttrurans@google.com.hk             | Male   | Uganda                | Speech Pathologist                   | Yellow     | Dodge         | 1992           |
|   30 | Monty      | Molden                 | mmoldent@flavors.me                | Male   | Russia                | Assistant Professor                  | Mauv       | Mitsubishi    | 2012           |
|   31 | Yoko       | Vasler                 | yvasleru@shareasale.com            | Female | Colombia              | Systems Administrator I              | Yellow     | Mercury       | 2000           |
|   32 | Lemar      | Takis                  | ltakisv@gizmodo.com                | Male   | Russia                | Assistant Manager                    | Red        | Bugatti       | 2011           |
|   33 | Jazmin     | Courage                | jcouragew@icio.us                  | Female | San Marino            | Web Designer III                     | Purple     | Honda         | 1986           |
|   34 | Kory       | Waud                   | kwaudx@cam.ac.uk                   | Male   | China                 | Civil Engineer                       | Red        | Chrysler      | 2004           |
|   35 | Pavia      | Mynard                 | pmynardy@friendfeed.com            | Female | Lebanon               | Administrative Assistant I           | Green      | Kia           | 2008           |
|   36 | Leland     | Takis                  | ltakisz@bigcartel.com              | Female | China                 | Analyst Programmer                   | Maroon     | Toyota        | 2007           |
|   37 | Lindsey    | Rubinovitch            | lrubinovitch10@goo.ne.jp           | Male   | China                 | Accounting Assistant IV              | Green      | Bentley       | 2009           |
|   38 | Hewie      | Leyrroyd               | hleyrroyd11@devhub.com             | Male   | Indonesia             | Financial Analyst                    | Teal       | Suzuki        | 1986           |
|   39 | Scotty     | Thorowgood             | sthorowgood12@arizona.edu          | Male   | China                 | Health Coach IV                      | Mauv       | Chevrolet     | 1994           |
|   40 | Jeth       | Ousby                  | jousby13@wikispaces.com            | Male   | Russia                | Clinical Specialist                  | Khaki      | Land Rover    | 2008           |
|   41 | Didi       | Edinborough            | dedinborough14@buzzfeed.com        | Female | Philippines           | Internal Auditor                     | Puce       | Toyota        | 1992           |
|   42 | Barnett    | Lawdham                | blawdham15@tuttocitta.it           | Male   | Dominican Republic    | Software Consultant                  | Teal       | Dodge         | 1992           |
|   43 | Renell     | Springell              | rspringell16@dropbox.com           | Female | China                 | VP Quality Control                   | Maroon     | GMC           | 2002           |
|   44 | Kerwinn    | Duffie                 | kduffie17@nature.com               | Male   | Philippines           | Geologist II                         | Indigo     | Saturn        | 2007           |
|   45 | Darrel     | Mannock                | dmannock18@deviantart.com          | Male   | Indonesia             | Research Nurse                       | Violet     | Hummer        | 2009           |
|   46 | Sander     | Learmond               | slearmond19@china.com.cn           | Male   | Japan                 | Analyst Programmer                   | Turquoise  | Toyota        | 2004           |
|   47 | Daune      | Poles                  | dpoles1a@spotify.com               | Female | Indonesia             | Community Outreach Specialist        | Teal       | Geo           | 1992           |
|   48 | Freddi     | Hunday                 | fhunday1b@google.co.jp             | Female | Philippines           | GIS Technical Architect              | Indigo     | Ram           | 2011           |
|   49 | Pancho     | Partlett               | ppartlett1c@irs.gov                | Male   | Tanzania              | Nuclear Power Engineer               | Orange     | Mitsubishi    | 1984           |
|   50 | Abey       | Corballis              | acorballis1d@dyndns.org            | Male   | Portugal              | Office Assistant I                   | Orange     | Chevrolet     | 2005           |
|   51 | Dasya      | Fairham                | dfairham1e@i2i.jp                  | Female | Brazil                | Staff Accountant IV                  | Crimson    | Ford          | 1988           |
|   52 | Everett    | Marousek               | emarousek1f@acquirethisname.com    | Male   | Finland               | Social Worker                        | Mauv       | Ford          | 2009           |
|   53 | Noni       | Halksworth             | nhalksworth1g@rediff.com           | Female | China                 | Junior Executive                     | Puce       | Chevrolet     | 2000           |
|   54 | Shay       | Bradden                | sbradden1h@biglobe.ne.jp           | Female | Portugal              | Recruiter                            | Yellow     | Pontiac       | 2005           |
|   55 | Anatole    | Spawforth              | aspawforth1i@unesco.org            | Male   | Ukraine               | Web Designer II                      | Teal       | Ram           | 2011           |
|   56 | Rora       | Sturge                 | rsturge1j@networksolutions.com     | Female | Philippines           | Occupational Therapist               | Indigo     | Hyundai       | 1993           |
|   58 | Andonis    | Charles                | acharles1l@mail.ru                 | Male   | China                 | Teacher                              | Green      | Chevrolet     | 1967           |
|   59 | Brunhilde  | Cartman                | bcartman1m@hugedomains.com         | Female | Tanzania              | Junior Executive                     | Red        | Honda         | 2008           |
|   60 | Rickie     | Marchment              | rmarchment1n@163.com               | Male   | Philippines           | Analog Circuit Design manager        | Indigo     | Porsche       | 2013           |
|   61 | Heddi      | Grigoli                | hgrigoli1o@va.gov                  | Female | Ukraine               | Chief Design Engineer                | Red        | Nissan        | 1997           |
|   62 | Beth       | Mander                 | bmander1p@businesswire.com         | Female | China                 | Occupational Therapist               | Fuscia     | BMW           | 1993           |
|   63 | Keefe      | McRuvie                | kmcruvie1q@slideshare.net          | Male   | China                 | VP Quality Control                   | Indigo     | Nissan        | 2009           |
|   64 | Dedra      | Ebbin                  | debbin1r@spotify.com               | Female | Poland                | Nuclear Power Engineer               | Indigo     | Volvo         | 2003           |
|   65 | Alain      | Lamberto               | alamberto1s@nhs.uk                 | Male   | Indonesia             | Analog Circuit Design manager        | Red        | Isuzu         | 2002           |
|   66 | Patrizio   | Fewkes                 | pfewkes1t@meetup.com               | Male   | Thailand              | Professor                            | Red        | Ford          | 1995           |
|   67 | Riccardo   | Cron                   | rcron1u@blogs.com                  | Male   | Mexico                | Financial Analyst                    | Crimson    | Dodge         | 2007           |
|   69 | Tam        | Arpe                   | tarpe1w@yellowbook.com             | Male   | Russia                | Pharmacist                           | Khaki      | Volvo         | 2000           |
|   70 | Leese      | Inseal                 | linseal1x@istockphoto.com          | Female | Russia                | Sales Associate                      | Red        | Mercedes-Benz | 2009           |
|   71 | Antonino   | De Cristoforo          | adecristoforo1y@phpbb.com          | Male   | Philippines           | Office Assistant III                 | Goldenrod  | Mitsubishi    | 1990           |
|   72 | Shurlock   | Westmerland            | swestmerland1z@samsung.com         | Male   | Portugal              | Design Engineer                      | Aquamarine | Mazda         | 2012           |
|   73 | Cornie     | Percifull              | cpercifull20@skype.com             | Male   | China                 | Assistant Professor                  | Yellow     | Mitsubishi    | 2002           |
|   74 | Bondy      | Sainer                 | bsainer21@dot.gov                  | Male   | China                 | Developer IV                         | Orange     | Jaguar        | 2008           |
|   75 | Amandie    | Southall               | asouthall22@fotki.com              | Female | France                | VP Quality Control                   | Pink       | Land Rover    | 1999           |
|   76 | Zane       | Dommett                | zdommett23@imdb.com                | Male   | Thailand              | Clinical Specialist                  | Aquamarine | Toyota        | 1998           |
|   77 | Allan      | Pannett                | apannett24@4shared.com             | Male   | Palestinian Territory | Staff Accountant I                   | Green      | Toyota        | 1997           |
|   78 | Kingsley   | Pearcy                 | kpearcy25@typepad.com              | Male   | Norway                | Staff Accountant I                   | Yellow     | Dodge         | 2000           |
|   79 | Gwenora    | Millichap              | gmillichap26@wikia.com             | Female | China                 | Analyst Programmer                   | Mauv       | Mitsubishi    | 1999           |
|   80 | Chas       | Luxford                | cluxford27@yellowpages.com         | Male   | Indonesia             | Cost Accountant                      | Crimson    | Ford          | 2013           |
|   81 | Emmi       | Ranger                 | eranger28@google.it                | Female | Brazil                | Occupational Therapist               | Fuscia     | Dodge         | 1992           |
|   82 | Alaster    | Futter                 | afutter29@liveinternet.ru          | Male   | Dominican Republic    | Payment Adjustment Coordinator       | Goldenrod  | Mercedes-Benz | 1985           |
|   83 | Inna       | Medler                 | imedler2a@pagesperso-orange.fr     | Female | China                 | Health Coach II                      | Pink       | Mercedes-Benz | 1993           |
|   84 | Renell     | Saleway                | rsaleway2b@reference.com           | Female | China                 | Staff Scientist                      | Orange     | Dodge         | 2010           |
|   85 | Guinevere  | Rizzardo               | grizzardo2c@nbcnews.com            | Female | Madagascar            | Junior Executive                     | Mauv       | Mazda         | 1994           |
|   87 | Jonathan   | MacGowan               | jmacgowan2e@homestead.com          | Male   | Vietnam               | VP Marketing                         | Mauv       | Buick         | 2003           |
|   89 | Klarika    | De Courtney            | kdecourtney2g@acquirethisname.com  | Female | China                 | Software Test Engineer IV            | Aquamarine | Ford          | 2007           |
|   91 | Robbie     | Colecrough             | rcolecrough2i@nsw.gov.au           | Male   | Ukraine               | Assistant Professor                  | Violet     | Cadillac      | 2006           |
|   92 | Isidro     | Coultas                | icoultas2j@miitbeian.gov.cn        | Male   | Haiti                 | Technical Writer                     | Khaki      | Acura         | 2011           |
|   93 | Anetta     | Minichi                | aminichi2k@webs.com                | Female | Thailand              | Geological Engineer                  | Teal       | Acura         | 2003           |
|   96 | Wash       | Pochin                 | wpochin2n@wikispaces.com           | Male   | China                 | Chemical Engineer                    | Green      | Mazda         | 1994           |
|   97 | Weider     | Bremmer                | wbremmer2o@un.org                  | Male   | Indonesia             | Electrical Engineer                  | Mauv       | Isuzu         | 1999           |
|   98 | Fanni      | Whitsun                | fwhitsun2p@theglobeandmail.com     | Female | China                 | Marketing Manager                    | Red        | Audi          | 1987           |
|   99 | Kris       | Chimienti              | kchimienti2q@zimbio.com            | Male   | Russia                | Speech Pathologist                   | Maroon     | Pontiac       | 1975           |
|  100 | Shandee    | Crombleholme           | scrombleholme2r@slashdot.org       | Female | United States         | VP Marketing                         | Aquamarine | Dodge         | 2006           |
|  101 | Leola      | Waterhowse             | lwaterhowse2s@webeden.co.uk        | Female | China                 | Analyst Programmer                   | Green      | Suzuki        | 2007           |
|  102 | Sebastiano | Derycot                | sderycot2t@columbia.edu            | Male   | Brazil                | Senior Sales Associate               | Khaki      | Lexus         | 2007           |
|  103 | Camellia   | Wickey                 | cwickey2u@cnbc.com                 | Female | Egypt                 | Occupational Therapist               | Yellow     | Toyota        | 2004           |
|  104 | Skell      | Hartles                | shartles2v@geocities.com           | Male   | Indonesia             | Accountant III                       | Violet     | Honda         | 1989           |
|  105 | Vinny      | Paskell                | vpaskell2w@odnoklassniki.ru        | Male   | Indonesia             | Help Desk Technician                 | Teal       | Honda         | 2006           |
|  106 | Ugo        | Stonehouse             | ustonehouse2x@cnbc.com             | Male   | Portugal              | Assistant Media Planner              | Red        | GMC           | 2010           |
|  107 | Orion      | Geaveny                | ogeaveny2y@tiny.cc                 | Male   | Indonesia             | Operator                             | Purple     | GMC           | 2007           |
|  108 | Ignace     | Meardon                | imeardon2z@example.com             | Male   | Philippines           | Marketing Assistant                  | Goldenrod  | Mitsubishi    | 2010           |
|  109 | Celesta    | Mulcahy                | cmulcahy30@chicagotribune.com      | Female | Thailand              | Chemical Engineer                    | Green      | Pontiac       | 1985           |
|  112 | Virginia   | Sansome                | vsansome33@noaa.gov                | Female | Morocco               | Marketing Manager                    | Teal       | Mazda         | 1998           |
|  113 | Adah       | Berisford              | aberisford34@multiply.com          | Female | Indonesia             | Account Representative IV            | Pink       | Chevrolet     | 1997           |
|  114 | Valencia   | Petrusch               | vpetrusch35@deviantart.com         | Female | Japan                 | Paralegal                            | Purple     | Porsche       | 1988           |
|  115 | Beniamino  | Dashper                | bdashper36@sciencedaily.com        | Male   | Brazil                | Health Coach I                       | Red        | Toyota        | 1998           |
|  116 | Patten     | Ortiger                | portiger37@biblegateway.com        | Male   | Peru                  | Structural Engineer                  | Green      | Kia           | 2007           |
|  117 | Ambrose    | Denerley               | adenerley38@etsy.com               | Male   | Ukraine               | Software Test Engineer I             | Green      | Ford          | 2002           |
|  118 | Neill      | Billyard               | nbillyard39@youtube.com            | Male   | Indonesia             | Chief Design Engineer                | Crimson    | Ford          | 2008           |
|  119 | Jocelyn    | Seel                   | jseel3a@reddit.com                 | Female | Philippines           | Junior Executive                     | Indigo     | Chevrolet     | 1967           |
|  120 | Quintilla  | Tolomelli              | qtolomelli3b@usda.gov              | Female | China                 | Help Desk Technician                 | Red        | Mazda         | 1986           |
|  121 | Penny      | Quigley                | pquigley3c@latimes.com             | Male   | Vietnam               | Analyst Programmer                   | Violet     | Dodge         | 2003           |
|  122 | Oralee     | Rameau                 | orameau3d@google.pl                | Female | Armenia               | Editor                               | Orange     | Maserati      | 2010           |
|  123 | Beverley   | Trevethan              | btrevethan3e@oaic.gov.au           | Female | China                 | Automation Specialist II             | Red        | Dodge         | 1999           |
|  124 | Rorie      | Jerrim                 | rjerrim3f@economist.com            | Female | China                 | Nurse                                | Teal       | Suzuki        | 1992           |
|  125 | Mariann    | Peterken               | mpeterken3g@narod.ru               | Female | Marshall Islands      | Account Coordinator                  | Pink       | Suzuki        | 2012           |
|  126 | Cleopatra  | Westgarth              | cwestgarth3h@bravesites.com        | Female | Colombia              | Internal Auditor                     | Goldenrod  | Buick         | 1996           |
|  127 | Stillmann  | Stowte                 | sstowte3i@fema.gov                 | Male   | China                 | Information Systems Manager          | Orange     | Audi          | 1995           |
|  128 | Aldous     | Caesmans               | acaesmans3j@flavors.me             | Male   | Sweden                | Technical Writer                     | Purple     | GMC           | 2005           |
|  129 | Nicolai    | Kahen                  | nkahen3k@goodreads.com             | Male   | France                | Budget/Accounting Analyst IV         | Puce       | Chevrolet     | 2007           |
|  130 | Portie     | Giacovelli             | pgiacovelli3l@hao123.com           | Male   | China                 | Data Coordiator                      | Yellow     | Porsche       | 2011           |
|  131 | Nahum      | Copnell                | ncopnell3m@etsy.com                | Male   | Indonesia             | Project Manager                      | Teal       | Honda         | 2003           |
|  132 | Klemens    | Yanuk                  | kyanuk3n@mediafire.com             | Male   | Argentina             | Compensation Analyst                 | Khaki      | Buick         | 1987           |
|  133 | Kayne      | Hulles                 | khulles3o@clickbank.net            | Male   | Peru                  | Internal Auditor                     | Fuscia     | Acura         | 1996           |
|  134 | Gabrielle  | Koppeck                | gkoppeck3p@nasa.gov                | Female | Indonesia             | VP Marketing                         | Mauv       | Chevrolet     | 1992           |
|  135 | Arda       | Brakewell              | abrakewell3q@pbs.org               | Female | Madagascar            | Legal Assistant                      | Goldenrod  | Buick         | 2002           |
|  136 | Henri      | Lemary                 | hlemary3r@wired.com                | Male   | Tanzania              | Account Representative IV            | Turquoise  | Dodge         | 2003           |
|  137 | Waylon     | Gomery                 | wgomery3s@livejournal.com          | Male   | Afghanistan           | Actuary                              | Pink       | Chevrolet     | 1992           |
|  138 | Dallis     | Delion                 | ddelion3t@eventbrite.com           | Male   | Chad                  | General Manager                      | Green      | Chevrolet     | 2004           |
|  139 | Zahara     | Yandle                 | zyandle3u@1688.com                 | Female | China                 | Senior Quality Engineer              | Red        | GMC           | 2011           |
|  140 | Rance      | Dizlie                 | rdizlie3v@exblog.jp                | Male   | Thailand              | Payment Adjustment Coordinator       | Purple     | Nissan        | 2003           |
|  141 | Vinni      | Ridgewell              | vridgewell3w@cbc.ca                | Female | France                | Staff Accountant II                  | Crimson    | Pontiac       | 1997           |
|  142 | Neall      | Jeandot                | njeandot3x@fema.gov                | Male   | Brazil                | Database Administrator IV            | Fuscia     | Infiniti      | 2012           |
|  143 | Adel       | Brandin                | abrandin3y@pinterest.com           | Female | Russia                | Nurse                                | Crimson    | GMC           | 2002           |
|  144 | Anthe      | Wilacot                | awilacot3z@umich.edu               | Female | Peru                  | Sales Representative                 | Puce       | Mazda         | 2008           |
|  145 | Erhard     | Flatt                  | eflatt40@sfgate.com                | Male   | China                 | Civil Engineer                       | Pink       | Scion         | 2006           |
|  146 | Cully      | Geraldo                | cgeraldo41@berkeley.edu            | Male   | Indonesia             | Chemical Engineer                    | Aquamarine | Eagle         | 1995           |
|  147 | Lyndsey    | Siemandl               | lsiemandl42@mysql.com              | Female | Tanzania              | VP Quality Control                   | Yellow     | Mercury       | 2005           |
|  148 | Adamo      | Walshe                 | awalshe43@dagondesign.com          | Male   | Angola                | Software Test Engineer III           | Mauv       | Mercedes-Benz | 2011           |
|  149 | Alexei     | Nutton                 | anutton44@ustream.tv               | Male   | South Africa          | Junior Executive                     | Pink       | Volvo         | 2010           |
|  150 | Ardath     | Drayson                | adrayson45@is.gd                   | Female | Croatia               | Biostatistician III                  | Fuscia     | Saturn        | 2010           |
|  151 | Ibbie      | Grimbaldeston          | igrimbaldeston46@about.me          | Female | Poland                | VP Sales                             | Violet     | Mitsubishi    | 2007           |
|  152 | Benedick   | O' Connell             | boconnell47@amazon.com             | Male   | China                 | Web Designer IV                      | Pink       | Lotus         | 1993           |
|  153 | Thornie    | Wiltsher               | twiltsher48@wordpress.com          | Male   | Brazil                | Senior Cost Accountant               | Aquamarine | Mitsubishi    | 1988           |
|  154 | Joana      | Tolliday               | jtolliday49@fema.gov               | Female | Sweden                | Marketing Assistant                  | Violet     | GMC           | 2000           |
|  155 | Erena      | Follit                 | efollit4a@wired.com                | Female | Russia                | Business Systems Development Analyst | Mauv       | Honda         | 2005           |
|  156 | Jacqueline | MacCracken             | jmaccracken4b@google.com           | Female | Indonesia             | Budget/Accounting Analyst II         | Fuscia     | Nissan        | 2001           |
|  157 | Abbe       | Ireland                | aireland4c@de.vu                   | Male   | Indonesia             | Staff Scientist                      | Mauv       | BMW           | 2004           |
|  158 | Paulie     | Andrioli               | pandrioli4d@gmpg.org               | Male   | South Africa          | Developer I                          | Maroon     | Dodge         | 1993           |
|  159 | Brod       | Dike                   | bdike4e@imdb.com                   | Male   | Indonesia             | Environmental Specialist             | Aquamarine | Land Rover    | 2002           |
|  160 | Jillie     | Noulton                | jnoulton4f@foxnews.com             | Female | United States         | Chief Design Engineer                | Khaki      | Pontiac       | 2003           |
|  161 | Sella      | Sheldon                | ssheldon4g@dmoz.org                | Female | Poland                | Financial Advisor                    | Fuscia     | Dodge         | 2008           |
|  162 | Whit       | Pobjay                 | wpobjay4h@blinklist.com            | Male   | Gabon                 | Quality Engineer                     | Goldenrod  | Chrysler      | 2004           |
|  163 | Johannah   | Facchini               | jfacchini4i@xrea.com               | Female | China                 | Software Test Engineer IV            | Teal       | Infiniti      | 2011           |
|  164 | Auria      | Daniely                | adaniely4j@mit.edu                 | Female | Netherlands           | Food Chemist                         | Maroon     | Lincoln       | 1986           |
|  165 | Joseph     | Vauter                 | jvauter4k@ow.ly                    | Male   | China                 | Quality Control Specialist           | Violet     | Plymouth      | 2000           |
|  166 | Mariel     | Weddeburn - Scrimgeour | mweddeburnscrimgeour4l@shop-pro.jp | Female | China                 | Nurse Practicioner                   | Orange     | Pontiac       | 1983           |
|  167 | Dalt       | Davidsohn              | ddavidsohn4m@jalbum.net            | Male   | Mexico                | Research Associate                   | Indigo     | Mitsubishi    | 1992           |
|  168 | Lennie     | Masden                 | lmasden4n@nytimes.com              | Male   | Indonesia             | Senior Financial Analyst             | Indigo     | Lexus         | 2012           |
|  169 | Marcos     | Rumbold                | mrumbold4o@printfriendly.com       | Male   | Morocco               | Help Desk Operator                   | Teal       | Dodge         | 1996           |
|  170 | Rosana     | Verecker               | rverecker4p@linkedin.com           | Female | Philippines           | Pharmacist                           | Khaki      | GMC           | 1992           |
|  171 | Alexio     | Buttrick               | abuttrick4q@mapquest.com           | Male   | China                 | Assistant Media Planner              | Violet     | Chrysler      | 1993           |
|  172 | Hamilton   | Basnall                | hbasnall4r@reverbnation.com        | Male   | Portugal              | Nuclear Power Engineer               | Turquoise  | Ford          | 1986           |
|  173 | Chip       | Priddle                | cpriddle4s@mapquest.com            | Male   | Kazakhstan            | Biostatistician I                    | Yellow     | Pontiac       | 2006           |
|  174 | Ddene      | Rickerby               | drickerby4t@prnewswire.com         | Female | South Korea           | Environmental Tech                   | Khaki      | Kia           | 2011           |
|  175 | Clement    | Ondracek               | condracek4u@ezinearticles.com      | Male   | Russia                | Librarian                            | Violet     | Volvo         | 1993           |
|  177 | Alfonso    | Abramof                | aabramof4w@squarespace.com         | Male   | Indonesia             | Physical Therapy Assistant           | Turquoise  | Lincoln       | 2002           |
|  178 | Sher       | Kember                 | skember4x@meetup.com               | Female | United States         | Biostatistician III                  | Violet     | Mercedes-Benz | 2004           |
|  179 | Lorilyn    | Tapp                   | ltapp4y@latimes.com                | Female | Ivory Coast           | Analyst Programmer                   | Red        | Chevrolet     | 1991           |
|  180 | Iggy       | Dellenbach             | idellenbach4z@msu.edu              | Male   | Pakistan              | Project Manager                      | Mauv       | BMW           | 2001           |
|  181 | Filippa    | Brewett                | fbrewett50@hud.gov                 | Female | Russia                | Electrical Engineer                  | Puce       | Ford          | 2003           |
|  182 | Florette   | Sheivels               | fsheivels51@ustream.tv             | Female | Nigeria               | Database Administrator III           | Green      | BMW           | 2007           |
|  183 | Kari       | Begwell                | kbegwell52@europa.eu               | Female | Indonesia             | Clinical Specialist                  | Red        | Cadillac      | 2006           |
|  184 | Malcolm    | Rose                   | mrose53@de.vu                      | Male   | Burkina Faso          | Account Representative III           | Violet     | Mazda         | 2001           |
|  185 | Devina     | McKeaveney             | dmckeaveney54@yelp.com             | Female | Philippines           | Structural Analysis Engineer         | Purple     | Acura         | 2010           |
|  186 | Sergei     | Shilstone              | sshilstone55@ed.gov                | Male   | China                 | VP Accounting                        | Crimson    | Dodge         | 2006           |
|  187 | Nevil      | Ahern                  | nahern56@unblog.fr                 | Male   | Zimbabwe              | Human Resources Manager              | Mauv       | Infiniti      | 2002           |
|  188 | Edy        | Antliff                | eantliff57@tuttocitta.it           | Female | South Africa          | Executive Secretary                  | Green      | Cadillac      | 2012           |
|  189 | Daphene    | Kite                   | dkite58@ifeng.com                  | Female | Indonesia             | Senior Developer                     | Maroon     | Buick         | 2010           |
|  190 | Rowney     | Enochsson              | renochsson59@va.gov                | Male   | South Africa          | Computer Systems Analyst IV          | Yellow     | Mitsubishi    | 2006           |
|  191 | Bastian    | Nealy                  | bnealy5a@imageshack.us             | Male   | Russia                | Environmental Specialist             | Orange     | Mitsubishi    | 1989           |
|  192 | Bruis      | Dongles                | bdongles5b@blogger.com             | Male   | Indonesia             | Compensation Analyst                 | Mauv       | Buick         | 2011           |
|  193 | Travus     | Da Costa               | tdacosta5c@rakuten.co.jp           | Male   | Indonesia             | VP Accounting                        | Red        | Ford          | 2002           |
|  194 | Berkley    | Garstan                | bgarstan5d@berkeley.edu            | Male   | Greece                | Quality Control Specialist           | Mauv       | Kia           | 2010           |
|  195 | Idelle     | Petzold                | ipetzold5e@mozilla.com             | Female | Philippines           | Chief Design Engineer                | Crimson    | Volkswagen    | 1985           |
|  196 | Jephthah   | Smolan                 | jsmolan5f@topsy.com                | Male   | China                 | Director of Sales                    | Turquoise  | Jeep          | 2012           |
|  197 | Kevina     | Trood                  | ktrood5g@nhs.uk                    | Female | Portugal              | Developer I                          | Crimson    | Audi          | 2002           |
|  198 | Clarette   | Mallord                | cmallord5h@t.co                    | Female | United States         | Environmental Specialist             | Goldenrod  | Hummer        | 2002           |
|  199 | Denver     | Fearnyhough            | dfearnyhough5i@msu.edu             | Male   | China                 | Help Desk Operator                   | Indigo     | Cadillac      | 2005           |
|  200 | Sammy      | Malpas                 | smalpas5j@dion.ne.jp               | Male   | Indonesia             | Accountant I                         | Khaki      | Mitsubishi    | 2002           |
+------+------------+------------------------+------------------------------------+--------+-----------------------+--------------------------------------+------------+---------------+----------------+
189 rows in set (0.00 sec)

mysql> select * from user where id >100 and id <110;
+------+------------+------------+-------------------------------+--------+-------------+-------------------------+-----------+------------+----------------+
| id   | first_name | last_name  | email                         | gender | country     | job_title               | color     | car_brand  | car_model_year |
+------+------------+------------+-------------------------------+--------+-------------+-------------------------+-----------+------------+----------------+
|  101 | Leola      | Waterhowse | lwaterhowse2s@webeden.co.uk   | Female | China       | Analyst Programmer      | Green     | Suzuki     | 2007           |
|  102 | Sebastiano | Derycot    | sderycot2t@columbia.edu       | Male   | Brazil      | Senior Sales Associate  | Khaki     | Lexus      | 2007           |
|  103 | Camellia   | Wickey     | cwickey2u@cnbc.com            | Female | Egypt       | Occupational Therapist  | Yellow    | Toyota     | 2004           |
|  104 | Skell      | Hartles    | shartles2v@geocities.com      | Male   | Indonesia   | Accountant III          | Violet    | Honda      | 1989           |
|  105 | Vinny      | Paskell    | vpaskell2w@odnoklassniki.ru   | Male   | Indonesia   | Help Desk Technician    | Teal      | Honda      | 2006           |
|  106 | Ugo        | Stonehouse | ustonehouse2x@cnbc.com        | Male   | Portugal    | Assistant Media Planner | Red       | GMC        | 2010           |
|  107 | Orion      | Geaveny    | ogeaveny2y@tiny.cc            | Male   | Indonesia   | Operator                | Purple    | GMC        | 2007           |
|  108 | Ignace     | Meardon    | imeardon2z@example.com        | Male   | Philippines | Marketing Assistant     | Goldenrod | Mitsubishi | 2010           |
|  109 | Celesta    | Mulcahy    | cmulcahy30@chicagotribune.com | Female | Thailand    | Chemical Engineer       | Green     | Pontiac    | 1985           |
+------+------------+------------+-------------------------------+--------+-------------+-------------------------+-----------+------------+----------------+
9 rows in set (0.00 sec)

mysql> select * from user where gender = 'female' and country = 'united states';
+------+------------+--------------+------------------------------+--------+---------------+--------------------------+------------+---------------+----------------+
| id   | first_name | last_name    | email                        | gender | country       | job_title                | color      | car_brand     | car_model_year |
+------+------------+--------------+------------------------------+--------+---------------+--------------------------+------------+---------------+----------------+
|   25 | Kylen      | Geldert      | kgelderto@goo.ne.jp          | Female | United States | Software Consultant      | Mauv       | Land Rover    | 2010           |
|  100 | Shandee    | Crombleholme | scrombleholme2r@slashdot.org | Female | United States | VP Marketing             | Aquamarine | Dodge         | 2006           |
|  160 | Jillie     | Noulton      | jnoulton4f@foxnews.com       | Female | United States | Chief Design Engineer    | Khaki      | Pontiac       | 2003           |
|  178 | Sher       | Kember       | skember4x@meetup.com         | Female | United States | Biostatistician III      | Violet     | Mercedes-Benz | 2004           |
|  198 | Clarette   | Mallord      | cmallord5h@t.co              | Female | United States | Environmental Specialist | Goldenrod  | Hummer        | 2002           |
+------+------------+--------------+------------------------------+--------+---------------+--------------------------+------------+---------------+----------------+
5 rows in set (0.00 sec)

mysql> select * from user where gender = 'male' and job_title = 'food chemist';
Empty set (0.00 sec)

mysql> select * from user where country = 'united states' or car_brand = 'bugatti';
+------+------------+--------------+------------------------------+--------+---------------+--------------------------+------------+---------------+----------------+
| id   | first_name | last_name    | email                        | gender | country       | job_title                | color      | car_brand     | car_model_year |
+------+------------+--------------+------------------------------+--------+---------------+--------------------------+------------+---------------+----------------+
|   12 | Yanaton    | Maddrell     | ymaddrellb@zimbio.com        | Male   | United States | VP Accounting            | Yellow     | Audi          | 1986           |
|   25 | Kylen      | Geldert      | kgelderto@goo.ne.jp          | Female | United States | Software Consultant      | Mauv       | Land Rover    | 2010           |
|   32 | Lemar      | Takis        | ltakisv@gizmodo.com          | Male   | Russia        | Assistant Manager        | Red        | Bugatti       | 2011           |
|  100 | Shandee    | Crombleholme | scrombleholme2r@slashdot.org | Female | United States | VP Marketing             | Aquamarine | Dodge         | 2006           |
|  160 | Jillie     | Noulton      | jnoulton4f@foxnews.com       | Female | United States | Chief Design Engineer    | Khaki      | Pontiac       | 2003           |
|  178 | Sher       | Kember       | skember4x@meetup.com         | Female | United States | Biostatistician III      | Violet     | Mercedes-Benz | 2004           |
|  198 | Clarette   | Mallord      | cmallord5h@t.co              | Female | United States | Environmental Specialist | Goldenrod  | Hummer        | 2002           |
+------+------------+--------------+------------------------------+--------+---------------+--------------------------+------------+---------------+----------------+
7 rows in set (0.01 sec)

mysql> select * from user where gender = 'male' and car_brand = 'ford';
+------+------------+-----------+---------------------------------+--------+-----------+--------------------------+-----------+-----------+----------------+
| id   | first_name | last_name | email                           | gender | country   | job_title                | color     | car_brand | car_model_year |
+------+------------+-----------+---------------------------------+--------+-----------+--------------------------+-----------+-----------+----------------+
|   52 | Everett    | Marousek  | emarousek1f@acquirethisname.com | Male   | Finland   | Social Worker            | Mauv      | Ford      | 2009           |
|   66 | Patrizio   | Fewkes    | pfewkes1t@meetup.com            | Male   | Thailand  | Professor                | Red       | Ford      | 1995           |
|   80 | Chas       | Luxford   | cluxford27@yellowpages.com      | Male   | Indonesia | Cost Accountant          | Crimson   | Ford      | 2013           |
|  117 | Ambrose    | Denerley  | adenerley38@etsy.com            | Male   | Ukraine   | Software Test Engineer I | Green     | Ford      | 2002           |
|  118 | Neill      | Billyard  | nbillyard39@youtube.com         | Male   | Indonesia | Chief Design Engineer    | Crimson   | Ford      | 2008           |
|  172 | Hamilton   | Basnall   | hbasnall4r@reverbnation.com     | Male   | Portugal  | Nuclear Power Engineer   | Turquoise | Ford      | 1986           |
|  193 | Travus     | Da Costa  | tdacosta5c@rakuten.co.jp        | Male   | Indonesia | VP Accounting            | Red       | Ford      | 2002           |
+------+------------+-----------+---------------------------------+--------+-----------+--------------------------+-----------+-----------+----------------+
7 rows in set (0.00 sec)

mysql> select * from user where car_brand = 'bmw' and car_model_year > '1990';
+------+------------+------------+----------------------------+--------+-----------+----------------------------+--------+-----------+----------------+
| id   | first_name | last_name  | email                      | gender | country   | job_title                  | color  | car_brand | car_model_year |
+------+------------+------------+----------------------------+--------+-----------+----------------------------+--------+-----------+----------------+
|   62 | Beth       | Mander     | bmander1p@businesswire.com | Female | China     | Occupational Therapist     | Fuscia | BMW       | 1993           |
|   95 | Linette    | Howells    | lhowells2m@ftc.gov         | Female | China     | Senior Editor              | Blue   | BMW       | 2012           |
|  157 | Abbe       | Ireland    | aireland4c@de.vu           | Male   | Indonesia | Staff Scientist            | Mauv   | BMW       | 2004           |
|  180 | Iggy       | Dellenbach | idellenbach4z@msu.edu      | Male   | Pakistan  | Project Manager            | Mauv   | BMW       | 2001           |
|  182 | Florette   | Sheivels   | fsheivels51@ustream.tv     | Female | Nigeria   | Database Administrator III | Green  | BMW       | 2007           |
+------+------------+------------+----------------------------+--------+-----------+----------------------------+--------+-----------+----------------+
5 rows in set (0.00 sec)

mysql> select * from user where job_title = 'senior developer' and country = 'china';
Empty set (0.00 sec)

mysql> select * from user where job_title != 'senior developer' and country = 'china';
+------+------------+------------------------+------------------------------------+--------+---------+-----------------------------+------------+---------------+----------------+
| id   | first_name | last_name              | email                              | gender | country | job_title                   | color      | car_brand     | car_model_year |
+------+------------+------------------------+------------------------------------+--------+---------+-----------------------------+------------+---------------+----------------+
|    1 | Fletch     | Purchase               | fpurchase0@japanpost.jp            | Male   | China   | Web Designer IV             | Crimson    | Kia           | 2009           |
|    6 | Eachelle   | Brierley               | ebrierley5@cocolog-nifty.com       | Female | China   | Safety Technician I         | Green      | GMC           | 2003           |
|   17 | Gleda      | Hartzog                | ghartzogg@blogger.com              | Female | China   | Assistant Media Planner     | Turquoise  | GMC           | 2007           |
|   34 | Kory       | Waud                   | kwaudx@cam.ac.uk                   | Male   | China   | Civil Engineer              | Red        | Chrysler      | 2004           |
|   36 | Leland     | Takis                  | ltakisz@bigcartel.com              | Female | China   | Analyst Programmer          | Maroon     | Toyota        | 2007           |
|   37 | Lindsey    | Rubinovitch            | lrubinovitch10@goo.ne.jp           | Male   | China   | Accounting Assistant IV     | Green      | Bentley       | 2009           |
|   39 | Scotty     | Thorowgood             | sthorowgood12@arizona.edu          | Male   | China   | Health Coach IV             | Mauv       | Chevrolet     | 1994           |
|   43 | Renell     | Springell              | rspringell16@dropbox.com           | Female | China   | VP Quality Control          | Maroon     | GMC           | 2002           |
|   53 | Noni       | Halksworth             | nhalksworth1g@rediff.com           | Female | China   | Junior Executive            | Puce       | Chevrolet     | 2000           |
|   58 | Andonis    | Charles                | acharles1l@mail.ru                 | Male   | China   | Teacher                     | Green      | Chevrolet     | 1967           |
|   62 | Beth       | Mander                 | bmander1p@businesswire.com         | Female | China   | Occupational Therapist      | Fuscia     | BMW           | 1993           |
|   63 | Keefe      | McRuvie                | kmcruvie1q@slideshare.net          | Male   | China   | VP Quality Control          | Indigo     | Nissan        | 2009           |
|   73 | Cornie     | Percifull              | cpercifull20@skype.com             | Male   | China   | Assistant Professor         | Yellow     | Mitsubishi    | 2002           |
|   74 | Bondy      | Sainer                 | bsainer21@dot.gov                  | Male   | China   | Developer IV                | Orange     | Jaguar        | 2008           |
|   79 | Gwenora    | Millichap              | gmillichap26@wikia.com             | Female | China   | Analyst Programmer          | Mauv       | Mitsubishi    | 1999           |
|   83 | Inna       | Medler                 | imedler2a@pagesperso-orange.fr     | Female | China   | Health Coach II             | Pink       | Mercedes-Benz | 1993           |
|   84 | Renell     | Saleway                | rsaleway2b@reference.com           | Female | China   | Staff Scientist             | Orange     | Dodge         | 2010           |
|   88 | Janenna    | Millington             | jmillington2f@epa.gov              | Female | China   | Chemical Engineer           | Blue       | Honda         | 2011           |
|   89 | Klarika    | De Courtney            | kdecourtney2g@acquirethisname.com  | Female | China   | Software Test Engineer IV   | Aquamarine | Ford          | 2007           |
|   95 | Linette    | Howells                | lhowells2m@ftc.gov                 | Female | China   | Senior Editor               | Blue       | BMW           | 2012           |
|   96 | Wash       | Pochin                 | wpochin2n@wikispaces.com           | Male   | China   | Chemical Engineer           | Green      | Mazda         | 1994           |
|   98 | Fanni      | Whitsun                | fwhitsun2p@theglobeandmail.com     | Female | China   | Marketing Manager           | Red        | Audi          | 1987           |
|  101 | Leola      | Waterhowse             | lwaterhowse2s@webeden.co.uk        | Female | China   | Analyst Programmer          | Green      | Suzuki        | 2007           |
|  110 | Orton      | Glyssanne              | oglyssanne31@netlog.com            | Male   | China   | Data Coordiator             | Blue       | GMC           | 1993           |
|  120 | Quintilla  | Tolomelli              | qtolomelli3b@usda.gov              | Female | China   | Help Desk Technician        | Red        | Mazda         | 1986           |
|  123 | Beverley   | Trevethan              | btrevethan3e@oaic.gov.au           | Female | China   | Automation Specialist II    | Red        | Dodge         | 1999           |
|  124 | Rorie      | Jerrim                 | rjerrim3f@economist.com            | Female | China   | Nurse                       | Teal       | Suzuki        | 1992           |
|  127 | Stillmann  | Stowte                 | sstowte3i@fema.gov                 | Male   | China   | Information Systems Manager | Orange     | Audi          | 1995           |
|  130 | Portie     | Giacovelli             | pgiacovelli3l@hao123.com           | Male   | China   | Data Coordiator             | Yellow     | Porsche       | 2011           |
|  139 | Zahara     | Yandle                 | zyandle3u@1688.com                 | Female | China   | Senior Quality Engineer     | Red        | GMC           | 2011           |
|  145 | Erhard     | Flatt                  | eflatt40@sfgate.com                | Male   | China   | Civil Engineer              | Pink       | Scion         | 2006           |
|  152 | Benedick   | O' Connell             | boconnell47@amazon.com             | Male   | China   | Web Designer IV             | Pink       | Lotus         | 1993           |
|  163 | Johannah   | Facchini               | jfacchini4i@xrea.com               | Female | China   | Software Test Engineer IV   | Teal       | Infiniti      | 2011           |
|  165 | Joseph     | Vauter                 | jvauter4k@ow.ly                    | Male   | China   | Quality Control Specialist  | Violet     | Plymouth      | 2000           |
|  166 | Mariel     | Weddeburn - Scrimgeour | mweddeburnscrimgeour4l@shop-pro.jp | Female | China   | Nurse Practicioner          | Orange     | Pontiac       | 1983           |
|  171 | Alexio     | Buttrick               | abuttrick4q@mapquest.com           | Male   | China   | Assistant Media Planner     | Violet     | Chrysler      | 1993           |
|  186 | Sergei     | Shilstone              | sshilstone55@ed.gov                | Male   | China   | VP Accounting               | Crimson    | Dodge         | 2006           |
|  196 | Jephthah   | Smolan                 | jsmolan5f@topsy.com                | Male   | China   | Director of Sales           | Turquoise  | Jeep          | 2012           |
|  199 | Denver     | Fearnyhough            | dfearnyhough5i@msu.edu             | Male   | China   | Help Desk Operator          | Indigo     | Cadillac      | 2005           |
+------+------------+------------------------+------------------------------------+--------+---------+-----------------------------+------------+---------------+----------------+
39 rows in set (0.00 sec)

mysql> select * from user where id >100 and id <110;
+------+------------+------------+-------------------------------+--------+-------------+-------------------------+-----------+------------+----------------+
| id   | first_name | last_name  | email                         | gender | country     | job_title               | color     | car_brand  | car_model_year |
+------+------------+------------+-------------------------------+--------+-------------+-------------------------+-----------+------------+----------------+
|  101 | Leola      | Waterhowse | lwaterhowse2s@webeden.co.uk   | Female | China       | Analyst Programmer      | Green     | Suzuki     | 2007           |
|  102 | Sebastiano | Derycot    | sderycot2t@columbia.edu       | Male   | Brazil      | Senior Sales Associate  | Khaki     | Lexus      | 2007           |
|  103 | Camellia   | Wickey     | cwickey2u@cnbc.com            | Female | Egypt       | Occupational Therapist  | Yellow    | Toyota     | 2004           |
|  104 | Skell      | Hartles    | shartles2v@geocities.com      | Male   | Indonesia   | Accountant III          | Violet    | Honda      | 1989           |
|  105 | Vinny      | Paskell    | vpaskell2w@odnoklassniki.ru   | Male   | Indonesia   | Help Desk Technician    | Teal      | Honda      | 2006           |
|  106 | Ugo        | Stonehouse | ustonehouse2x@cnbc.com        | Male   | Portugal    | Assistant Media Planner | Red       | GMC        | 2010           |
|  107 | Orion      | Geaveny    | ogeaveny2y@tiny.cc            | Male   | Indonesia   | Operator                | Purple    | GMC        | 2007           |
|  108 | Ignace     | Meardon    | imeardon2z@example.com        | Male   | Philippines | Marketing Assistant     | Goldenrod | Mitsubishi | 2010           |
|  109 | Celesta    | Mulcahy    | cmulcahy30@chicagotribune.com | Female | Thailand    | Chemical Engineer       | Green     | Pontiac    | 1985           |
+------+------------+------------+-------------------------------+--------+-------------+-------------------------+-----------+------------+----------------+
9 rows in set (0.00 sec)

mysql> select * from user where gender = 'female' and country = 'united states';
+------+------------+--------------+------------------------------+--------+---------------+--------------------------+------------+---------------+----------------+
| id   | first_name | last_name    | email                        | gender | country       | job_title                | color      | car_brand     | car_model_year |
+------+------------+--------------+------------------------------+--------+---------------+--------------------------+------------+---------------+----------------+
|   25 | Kylen      | Geldert      | kgelderto@goo.ne.jp          | Female | United States | Software Consultant      | Mauv       | Land Rover    | 2010           |
|  100 | Shandee    | Crombleholme | scrombleholme2r@slashdot.org | Female | United States | VP Marketing             | Aquamarine | Dodge         | 2006           |
|  160 | Jillie     | Noulton      | jnoulton4f@foxnews.com       | Female | United States | Chief Design Engineer    | Khaki      | Pontiac       | 2003           |
|  178 | Sher       | Kember       | skember4x@meetup.com         | Female | United States | Biostatistician III      | Violet     | Mercedes-Benz | 2004           |
|  198 | Clarette   | Mallord      | cmallord5h@t.co              | Female | United States | Environmental Specialist | Goldenrod  | Hummer        | 2002           |
+------+------------+--------------+------------------------------+--------+---------------+--------------------------+------------+---------------+----------------+
5 rows in set (0.00 sec)

mysql> select * from user where id betwen 101 and 109;
ERROR 1064 (42000): You have an error in your SQL syntax; check the manual that corresponds to your MySQL server version for the right syntax to use near 'betwen 101 and 109' at line 1
mysql> select * from user where id between 101 and 109;
+------+------------+------------+-------------------------------+--------+-------------+-------------------------+-----------+------------+----------------+
| id   | first_name | last_name  | email                         | gender | country     | job_title               | color     | car_brand  | car_model_year |
+------+------------+------------+-------------------------------+--------+-------------+-------------------------+-----------+------------+----------------+
|  101 | Leola      | Waterhowse | lwaterhowse2s@webeden.co.uk   | Female | China       | Analyst Programmer      | Green     | Suzuki     | 2007           |
|  102 | Sebastiano | Derycot    | sderycot2t@columbia.edu       | Male   | Brazil      | Senior Sales Associate  | Khaki     | Lexus      | 2007           |
|  103 | Camellia   | Wickey     | cwickey2u@cnbc.com            | Female | Egypt       | Occupational Therapist  | Yellow    | Toyota     | 2004           |
|  104 | Skell      | Hartles    | shartles2v@geocities.com      | Male   | Indonesia   | Accountant III          | Violet    | Honda      | 1989           |
|  105 | Vinny      | Paskell    | vpaskell2w@odnoklassniki.ru   | Male   | Indonesia   | Help Desk Technician    | Teal      | Honda      | 2006           |
|  106 | Ugo        | Stonehouse | ustonehouse2x@cnbc.com        | Male   | Portugal    | Assistant Media Planner | Red       | GMC        | 2010           |
|  107 | Orion      | Geaveny    | ogeaveny2y@tiny.cc            | Male   | Indonesia   | Operator                | Purple    | GMC        | 2007           |
|  108 | Ignace     | Meardon    | imeardon2z@example.com        | Male   | Philippines | Marketing Assistant     | Goldenrod | Mitsubishi | 2010           |
|  109 | Celesta    | Mulcahy    | cmulcahy30@chicagotribune.com | Female | Thailand    | Chemical Engineer       | Green     | Pontiac    | 1985           |
+------+------------+------------+-------------------------------+--------+-------------+-------------------------+-----------+------------+----------------+
9 rows in set (0.05 sec)

mysql> select * from user where country in ('russia', 'china');
+------+------------+------------------------+------------------------------------+--------+---------+--------------------------------------+------------+---------------+----------------+
| id   | first_name | last_name              | email                              | gender | country | job_title                            | color      | car_brand     | car_model_year |
+------+------------+------------------------+------------------------------------+--------+---------+--------------------------------------+------------+---------------+----------------+
|    1 | Fletch     | Purchase               | fpurchase0@japanpost.jp            | Male   | China   | Web Designer IV                      | Crimson    | Kia           | 2009           |
|    6 | Eachelle   | Brierley               | ebrierley5@cocolog-nifty.com       | Female | China   | Safety Technician I                  | Green      | GMC           | 2003           |
|   17 | Gleda      | Hartzog                | ghartzogg@blogger.com              | Female | China   | Assistant Media Planner              | Turquoise  | GMC           | 2007           |
|   19 | Kirstyn    | Wardrope               | kwardropei@mapy.cz                 | Female | Russia  | Budget/Accounting Analyst I          | Turquoise  | Mazda         | 1994           |
|   30 | Monty      | Molden                 | mmoldent@flavors.me                | Male   | Russia  | Assistant Professor                  | Mauv       | Mitsubishi    | 2012           |
|   32 | Lemar      | Takis                  | ltakisv@gizmodo.com                | Male   | Russia  | Assistant Manager                    | Red        | Bugatti       | 2011           |
|   34 | Kory       | Waud                   | kwaudx@cam.ac.uk                   | Male   | China   | Civil Engineer                       | Red        | Chrysler      | 2004           |
|   36 | Leland     | Takis                  | ltakisz@bigcartel.com              | Female | China   | Analyst Programmer                   | Maroon     | Toyota        | 2007           |
|   37 | Lindsey    | Rubinovitch            | lrubinovitch10@goo.ne.jp           | Male   | China   | Accounting Assistant IV              | Green      | Bentley       | 2009           |
|   39 | Scotty     | Thorowgood             | sthorowgood12@arizona.edu          | Male   | China   | Health Coach IV                      | Mauv       | Chevrolet     | 1994           |
|   40 | Jeth       | Ousby                  | jousby13@wikispaces.com            | Male   | Russia  | Clinical Specialist                  | Khaki      | Land Rover    | 2008           |
|   43 | Renell     | Springell              | rspringell16@dropbox.com           | Female | China   | VP Quality Control                   | Maroon     | GMC           | 2002           |
|   53 | Noni       | Halksworth             | nhalksworth1g@rediff.com           | Female | China   | Junior Executive                     | Puce       | Chevrolet     | 2000           |
|   58 | Andonis    | Charles                | acharles1l@mail.ru                 | Male   | China   | Teacher                              | Green      | Chevrolet     | 1967           |
|   62 | Beth       | Mander                 | bmander1p@businesswire.com         | Female | China   | Occupational Therapist               | Fuscia     | BMW           | 1993           |
|   63 | Keefe      | McRuvie                | kmcruvie1q@slideshare.net          | Male   | China   | VP Quality Control                   | Indigo     | Nissan        | 2009           |
|   68 | Ardis      | Abby                   | aabby1v@wired.com                  | Female | Russia  | Marketing Assistant                  | Blue       | Dodge         | 2005           |
|   69 | Tam        | Arpe                   | tarpe1w@yellowbook.com             | Male   | Russia  | Pharmacist                           | Khaki      | Volvo         | 2000           |
|   70 | Leese      | Inseal                 | linseal1x@istockphoto.com          | Female | Russia  | Sales Associate                      | Red        | Mercedes-Benz | 2009           |
|   73 | Cornie     | Percifull              | cpercifull20@skype.com             | Male   | China   | Assistant Professor                  | Yellow     | Mitsubishi    | 2002           |
|   74 | Bondy      | Sainer                 | bsainer21@dot.gov                  | Male   | China   | Developer IV                         | Orange     | Jaguar        | 2008           |
|   79 | Gwenora    | Millichap              | gmillichap26@wikia.com             | Female | China   | Analyst Programmer                   | Mauv       | Mitsubishi    | 1999           |
|   83 | Inna       | Medler                 | imedler2a@pagesperso-orange.fr     | Female | China   | Health Coach II                      | Pink       | Mercedes-Benz | 1993           |
|   84 | Renell     | Saleway                | rsaleway2b@reference.com           | Female | China   | Staff Scientist                      | Orange     | Dodge         | 2010           |
|   88 | Janenna    | Millington             | jmillington2f@epa.gov              | Female | China   | Chemical Engineer                    | Blue       | Honda         | 2011           |
|   89 | Klarika    | De Courtney            | kdecourtney2g@acquirethisname.com  | Female | China   | Software Test Engineer IV            | Aquamarine | Ford          | 2007           |
|   95 | Linette    | Howells                | lhowells2m@ftc.gov                 | Female | China   | Senior Editor                        | Blue       | BMW           | 2012           |
|   96 | Wash       | Pochin                 | wpochin2n@wikispaces.com           | Male   | China   | Chemical Engineer                    | Green      | Mazda         | 1994           |
|   98 | Fanni      | Whitsun                | fwhitsun2p@theglobeandmail.com     | Female | China   | Marketing Manager                    | Red        | Audi          | 1987           |
|   99 | Kris       | Chimienti              | kchimienti2q@zimbio.com            | Male   | Russia  | Speech Pathologist                   | Maroon     | Pontiac       | 1975           |
|  101 | Leola      | Waterhowse             | lwaterhowse2s@webeden.co.uk        | Female | China   | Analyst Programmer                   | Green      | Suzuki        | 2007           |
|  110 | Orton      | Glyssanne              | oglyssanne31@netlog.com            | Male   | China   | Data Coordiator                      | Blue       | GMC           | 1993           |
|  120 | Quintilla  | Tolomelli              | qtolomelli3b@usda.gov              | Female | China   | Help Desk Technician                 | Red        | Mazda         | 1986           |
|  123 | Beverley   | Trevethan              | btrevethan3e@oaic.gov.au           | Female | China   | Automation Specialist II             | Red        | Dodge         | 1999           |
|  124 | Rorie      | Jerrim                 | rjerrim3f@economist.com            | Female | China   | Nurse                                | Teal       | Suzuki        | 1992           |
|  127 | Stillmann  | Stowte                 | sstowte3i@fema.gov                 | Male   | China   | Information Systems Manager          | Orange     | Audi          | 1995           |
|  130 | Portie     | Giacovelli             | pgiacovelli3l@hao123.com           | Male   | China   | Data Coordiator                      | Yellow     | Porsche       | 2011           |
|  139 | Zahara     | Yandle                 | zyandle3u@1688.com                 | Female | China   | Senior Quality Engineer              | Red        | GMC           | 2011           |
|  143 | Adel       | Brandin                | abrandin3y@pinterest.com           | Female | Russia  | Nurse                                | Crimson    | GMC           | 2002           |
|  145 | Erhard     | Flatt                  | eflatt40@sfgate.com                | Male   | China   | Civil Engineer                       | Pink       | Scion         | 2006           |
|  152 | Benedick   | O' Connell             | boconnell47@amazon.com             | Male   | China   | Web Designer IV                      | Pink       | Lotus         | 1993           |
|  155 | Erena      | Follit                 | efollit4a@wired.com                | Female | Russia  | Business Systems Development Analyst | Mauv       | Honda         | 2005           |
|  163 | Johannah   | Facchini               | jfacchini4i@xrea.com               | Female | China   | Software Test Engineer IV            | Teal       | Infiniti      | 2011           |
|  165 | Joseph     | Vauter                 | jvauter4k@ow.ly                    | Male   | China   | Quality Control Specialist           | Violet     | Plymouth      | 2000           |
|  166 | Mariel     | Weddeburn - Scrimgeour | mweddeburnscrimgeour4l@shop-pro.jp | Female | China   | Nurse Practicioner                   | Orange     | Pontiac       | 1983           |
|  171 | Alexio     | Buttrick               | abuttrick4q@mapquest.com           | Male   | China   | Assistant Media Planner              | Violet     | Chrysler      | 1993           |
|  175 | Clement    | Ondracek               | condracek4u@ezinearticles.com      | Male   | Russia  | Librarian                            | Violet     | Volvo         | 1993           |
|  181 | Filippa    | Brewett                | fbrewett50@hud.gov                 | Female | Russia  | Electrical Engineer                  | Puce       | Ford          | 2003           |
|  186 | Sergei     | Shilstone              | sshilstone55@ed.gov                | Male   | China   | VP Accounting                        | Crimson    | Dodge         | 2006           |
|  191 | Bastian    | Nealy                  | bnealy5a@imageshack.us             | Male   | Russia  | Environmental Specialist             | Orange     | Mitsubishi    | 1989           |
|  196 | Jephthah   | Smolan                 | jsmolan5f@topsy.com                | Male   | China   | Director of Sales                    | Turquoise  | Jeep          | 2012           |
|  199 | Denver     | Fearnyhough            | dfearnyhough5i@msu.edu             | Male   | China   | Help Desk Operator                   | Indigo     | Cadillac      | 2005           |
+------+------------+------------------------+------------------------------------+--------+---------+--------------------------------------+------------+---------------+----------------+
52 rows in set (0.01 sec)

mysql> select * from user where country in ('russia', 'china', 'canada');
+------+------------+------------------------+------------------------------------+--------+---------+--------------------------------------+------------+---------------+----------------+
| id   | first_name | last_name              | email                              | gender | country | job_title                            | color      | car_brand     | car_model_year |
+------+------------+------------------------+------------------------------------+--------+---------+--------------------------------------+------------+---------------+----------------+
|    1 | Fletch     | Purchase               | fpurchase0@japanpost.jp            | Male   | China   | Web Designer IV                      | Crimson    | Kia           | 2009           |
|    6 | Eachelle   | Brierley               | ebrierley5@cocolog-nifty.com       | Female | China   | Safety Technician I                  | Green      | GMC           | 2003           |
|   17 | Gleda      | Hartzog                | ghartzogg@blogger.com              | Female | China   | Assistant Media Planner              | Turquoise  | GMC           | 2007           |
|   19 | Kirstyn    | Wardrope               | kwardropei@mapy.cz                 | Female | Russia  | Budget/Accounting Analyst I          | Turquoise  | Mazda         | 1994           |
|   30 | Monty      | Molden                 | mmoldent@flavors.me                | Male   | Russia  | Assistant Professor                  | Mauv       | Mitsubishi    | 2012           |
|   32 | Lemar      | Takis                  | ltakisv@gizmodo.com                | Male   | Russia  | Assistant Manager                    | Red        | Bugatti       | 2011           |
|   34 | Kory       | Waud                   | kwaudx@cam.ac.uk                   | Male   | China   | Civil Engineer                       | Red        | Chrysler      | 2004           |
|   36 | Leland     | Takis                  | ltakisz@bigcartel.com              | Female | China   | Analyst Programmer                   | Maroon     | Toyota        | 2007           |
|   37 | Lindsey    | Rubinovitch            | lrubinovitch10@goo.ne.jp           | Male   | China   | Accounting Assistant IV              | Green      | Bentley       | 2009           |
|   39 | Scotty     | Thorowgood             | sthorowgood12@arizona.edu          | Male   | China   | Health Coach IV                      | Mauv       | Chevrolet     | 1994           |
|   40 | Jeth       | Ousby                  | jousby13@wikispaces.com            | Male   | Russia  | Clinical Specialist                  | Khaki      | Land Rover    | 2008           |
|   43 | Renell     | Springell              | rspringell16@dropbox.com           | Female | China   | VP Quality Control                   | Maroon     | GMC           | 2002           |
|   53 | Noni       | Halksworth             | nhalksworth1g@rediff.com           | Female | China   | Junior Executive                     | Puce       | Chevrolet     | 2000           |
|   58 | Andonis    | Charles                | acharles1l@mail.ru                 | Male   | China   | Teacher                              | Green      | Chevrolet     | 1967           |
|   62 | Beth       | Mander                 | bmander1p@businesswire.com         | Female | China   | Occupational Therapist               | Fuscia     | BMW           | 1993           |
|   63 | Keefe      | McRuvie                | kmcruvie1q@slideshare.net          | Male   | China   | VP Quality Control                   | Indigo     | Nissan        | 2009           |
|   68 | Ardis      | Abby                   | aabby1v@wired.com                  | Female | Russia  | Marketing Assistant                  | Blue       | Dodge         | 2005           |
|   69 | Tam        | Arpe                   | tarpe1w@yellowbook.com             | Male   | Russia  | Pharmacist                           | Khaki      | Volvo         | 2000           |
|   70 | Leese      | Inseal                 | linseal1x@istockphoto.com          | Female | Russia  | Sales Associate                      | Red        | Mercedes-Benz | 2009           |
|   73 | Cornie     | Percifull              | cpercifull20@skype.com             | Male   | China   | Assistant Professor                  | Yellow     | Mitsubishi    | 2002           |
|   74 | Bondy      | Sainer                 | bsainer21@dot.gov                  | Male   | China   | Developer IV                         | Orange     | Jaguar        | 2008           |
|   79 | Gwenora    | Millichap              | gmillichap26@wikia.com             | Female | China   | Analyst Programmer                   | Mauv       | Mitsubishi    | 1999           |
|   83 | Inna       | Medler                 | imedler2a@pagesperso-orange.fr     | Female | China   | Health Coach II                      | Pink       | Mercedes-Benz | 1993           |
|   84 | Renell     | Saleway                | rsaleway2b@reference.com           | Female | China   | Staff Scientist                      | Orange     | Dodge         | 2010           |
|   88 | Janenna    | Millington             | jmillington2f@epa.gov              | Female | China   | Chemical Engineer                    | Blue       | Honda         | 2011           |
|   89 | Klarika    | De Courtney            | kdecourtney2g@acquirethisname.com  | Female | China   | Software Test Engineer IV            | Aquamarine | Ford          | 2007           |
|   95 | Linette    | Howells                | lhowells2m@ftc.gov                 | Female | China   | Senior Editor                        | Blue       | BMW           | 2012           |
|   96 | Wash       | Pochin                 | wpochin2n@wikispaces.com           | Male   | China   | Chemical Engineer                    | Green      | Mazda         | 1994           |
|   98 | Fanni      | Whitsun                | fwhitsun2p@theglobeandmail.com     | Female | China   | Marketing Manager                    | Red        | Audi          | 1987           |
|   99 | Kris       | Chimienti              | kchimienti2q@zimbio.com            | Male   | Russia  | Speech Pathologist                   | Maroon     | Pontiac       | 1975           |
|  101 | Leola      | Waterhowse             | lwaterhowse2s@webeden.co.uk        | Female | China   | Analyst Programmer                   | Green      | Suzuki        | 2007           |
|  110 | Orton      | Glyssanne              | oglyssanne31@netlog.com            | Male   | China   | Data Coordiator                      | Blue       | GMC           | 1993           |
|  120 | Quintilla  | Tolomelli              | qtolomelli3b@usda.gov              | Female | China   | Help Desk Technician                 | Red        | Mazda         | 1986           |
|  123 | Beverley   | Trevethan              | btrevethan3e@oaic.gov.au           | Female | China   | Automation Specialist II             | Red        | Dodge         | 1999           |
|  124 | Rorie      | Jerrim                 | rjerrim3f@economist.com            | Female | China   | Nurse                                | Teal       | Suzuki        | 1992           |
|  127 | Stillmann  | Stowte                 | sstowte3i@fema.gov                 | Male   | China   | Information Systems Manager          | Orange     | Audi          | 1995           |
|  130 | Portie     | Giacovelli             | pgiacovelli3l@hao123.com           | Male   | China   | Data Coordiator                      | Yellow     | Porsche       | 2011           |
|  139 | Zahara     | Yandle                 | zyandle3u@1688.com                 | Female | China   | Senior Quality Engineer              | Red        | GMC           | 2011           |
|  143 | Adel       | Brandin                | abrandin3y@pinterest.com           | Female | Russia  | Nurse                                | Crimson    | GMC           | 2002           |
|  145 | Erhard     | Flatt                  | eflatt40@sfgate.com                | Male   | China   | Civil Engineer                       | Pink       | Scion         | 2006           |
|  152 | Benedick   | O' Connell             | boconnell47@amazon.com             | Male   | China   | Web Designer IV                      | Pink       | Lotus         | 1993           |
|  155 | Erena      | Follit                 | efollit4a@wired.com                | Female | Russia  | Business Systems Development Analyst | Mauv       | Honda         | 2005           |
|  163 | Johannah   | Facchini               | jfacchini4i@xrea.com               | Female | China   | Software Test Engineer IV            | Teal       | Infiniti      | 2011           |
|  165 | Joseph     | Vauter                 | jvauter4k@ow.ly                    | Male   | China   | Quality Control Specialist           | Violet     | Plymouth      | 2000           |
|  166 | Mariel     | Weddeburn - Scrimgeour | mweddeburnscrimgeour4l@shop-pro.jp | Female | China   | Nurse Practicioner                   | Orange     | Pontiac       | 1983           |
|  171 | Alexio     | Buttrick               | abuttrick4q@mapquest.com           | Male   | China   | Assistant Media Planner              | Violet     | Chrysler      | 1993           |
|  175 | Clement    | Ondracek               | condracek4u@ezinearticles.com      | Male   | Russia  | Librarian                            | Violet     | Volvo         | 1993           |
|  176 | Henka      | Kopps                  | hkopps4v@nyu.edu                   | Female | Canada  | Research Nurse                       | Green      | Mazda         | 2002           |
|  181 | Filippa    | Brewett                | fbrewett50@hud.gov                 | Female | Russia  | Electrical Engineer                  | Puce       | Ford          | 2003           |
|  186 | Sergei     | Shilstone              | sshilstone55@ed.gov                | Male   | China   | VP Accounting                        | Crimson    | Dodge         | 2006           |
|  191 | Bastian    | Nealy                  | bnealy5a@imageshack.us             | Male   | Russia  | Environmental Specialist             | Orange     | Mitsubishi    | 1989           |
|  196 | Jephthah   | Smolan                 | jsmolan5f@topsy.com                | Male   | China   | Director of Sales                    | Turquoise  | Jeep          | 2012           |
|  199 | Denver     | Fearnyhough            | dfearnyhough5i@msu.edu             | Male   | China   | Help Desk Operator                   | Indigo     | Cadillac      | 2005           |
+------+------------+------------------------+------------------------------------+--------+---------+--------------------------------------+------------+---------------+----------------+
53 rows in set (0.00 sec)

mysql> select distinct car_brand from user order by car_barnd asc;
ERROR 1054 (42S22): Unknown column 'car_barnd' in 'order clause'
mysql> select distinct car_brand from user order by asc;
ERROR 1064 (42000): You have an error in your SQL syntax; check the manual that corresponds to your MySQL server version for the right syntax to use near 'asc' at line 1
mysql> select distinct car_brand from user order by car_brand asc;
+---------------+
| car_brand     |
+---------------+
| Acura         |
| Aptera        |
| Aston Martin  |
| Audi          |
| Bentley       |
| BMW           |
| Bugatti       |
| Buick         |
| Cadillac      |
| Chevrolet     |
| Chrysler      |
| Daihatsu      |
| Dodge         |
| Eagle         |
| Ford          |
| Geo           |
| GMC           |
| Honda         |
| Hummer        |
| Hyundai       |
| Infiniti      |
| Isuzu         |
| Jaguar        |
| Jeep          |
| Kia           |
| Land Rover    |
| Lexus         |
| Lincoln       |
| Lotus         |
| Maserati      |
| Mazda         |
| Mercedes-Benz |
| Mercury       |
| Mitsubishi    |
| Nissan        |
| Oldsmobile    |
| Plymouth      |
| Pontiac       |
| Porsche       |
| Ram           |
| Saturn        |
| Scion         |
| Suzuki        |
| Toyota        |
| Volkswagen    |
| Volvo         |
+---------------+
46 rows in set (0.02 sec)

mysql> select distinct car_brand from user order by car_brand desc;
+---------------+
| car_brand     |
+---------------+
| Volvo         |
| Volkswagen    |
| Toyota        |
| Suzuki        |
| Scion         |
| Saturn        |
| Ram           |
| Porsche       |
| Pontiac       |
| Plymouth      |
| Oldsmobile    |
| Nissan        |
| Mitsubishi    |
| Mercury       |
| Mercedes-Benz |
| Mazda         |
| Maserati      |
| Lotus         |
| Lincoln       |
| Lexus         |
| Land Rover    |
| Kia           |
| Jeep          |
| Jaguar        |
| Isuzu         |
| Infiniti      |
| Hyundai       |
| Hummer        |
| Honda         |
| GMC           |
| Geo           |
| Ford          |
| Eagle         |
| Dodge         |
| Daihatsu      |
| Chrysler      |
| Chevrolet     |
| Cadillac      |
| Buick         |
| Bugatti       |
| BMW           |
| Bentley       |
| Audi          |
| Aston Martin  |
| Aptera        |
| Acura         |
+---------------+
46 rows in set (0.00 sec)

mysql> select country, first_name from user;
+-----------------------+------------+
| country               | first_name |
+-----------------------+------------+
| China                 | Fletch     |
| Brazil                | Dede       |
| Spain                 | Brigid     |
| Portugal              | Lauryn     |
| Greece                | Griffin    |
| China                 | Eachelle   |
| Indonesia             | Andria     |
| Brazil                | Dukey      |
| American Samoa        | Dion       |
| Yemen                 | Byran      |
| Indonesia             | Luther     |
| United States         | Yanaton    |
| Brazil                | Lara       |
| Mexico                | Iris       |
| Bulgaria              | Horst      |
| Brazil                | Tito       |
| China                 | Gleda      |
| Mongolia              | Monah      |
| Russia                | Kirstyn    |
| Dominican Republic    | Fulton     |
| Palestinian Territory | Darsie     |
| Belize                | Randee     |
| Brazil                | Hardy      |
| Czech Republic        | Elana      |
| United States         | Kylen      |
| Portugal              | Georgie    |
| Poland                | Marylou    |
| Indonesia             | Petronia   |
| Uganda                | Thornie    |
| Russia                | Monty      |
| Colombia              | Yoko       |
| Russia                | Lemar      |
| San Marino            | Jazmin     |
| China                 | Kory       |
| Lebanon               | Pavia      |
| China                 | Leland     |
| China                 | Lindsey    |
| Indonesia             | Hewie      |
| China                 | Scotty     |
| Russia                | Jeth       |
| Philippines           | Didi       |
| Dominican Republic    | Barnett    |
| China                 | Renell     |
| Philippines           | Kerwinn    |
| Indonesia             | Darrel     |
| Japan                 | Sander     |
| Indonesia             | Daune      |
| Philippines           | Freddi     |
| Tanzania              | Pancho     |
| Portugal              | Abey       |
| Brazil                | Dasya      |
| Finland               | Everett    |
| China                 | Noni       |
| Portugal              | Shay       |
| Ukraine               | Anatole    |
| Philippines           | Rora       |
| France                | Brade      |
| China                 | Andonis    |
| Tanzania              | Brunhilde  |
| Philippines           | Rickie     |
| Ukraine               | Heddi      |
| China                 | Beth       |
| China                 | Keefe      |
| Poland                | Dedra      |
| Indonesia             | Alain      |
| Thailand              | Patrizio   |
| Mexico                | Riccardo   |
| Russia                | Ardis      |
| Russia                | Tam        |
| Russia                | Leese      |
| Philippines           | Antonino   |
| Portugal              | Shurlock   |
| China                 | Cornie     |
| China                 | Bondy      |
| France                | Amandie    |
| Thailand              | Zane       |
| Palestinian Territory | Allan      |
| Norway                | Kingsley   |
| China                 | Gwenora    |
| Indonesia             | Chas       |
| Brazil                | Emmi       |
| Dominican Republic    | Alaster    |
| China                 | Inna       |
| China                 | Renell     |
| Madagascar            | Guinevere  |
| Peru                  | Dru        |
| Vietnam               | Jonathan   |
| China                 | Janenna    |
| China                 | Klarika    |
| Peru                  | Cathee     |
| Ukraine               | Robbie     |
| Haiti                 | Isidro     |
| Thailand              | Anetta     |
| Poland                | Briano     |
| China                 | Linette    |
| China                 | Wash       |
| Indonesia             | Weider     |
| China                 | Fanni      |
| Russia                | Kris       |
| United States         | Shandee    |
| China                 | Leola      |
| Brazil                | Sebastiano |
| Egypt                 | Camellia   |
| Indonesia             | Skell      |
| Indonesia             | Vinny      |
| Portugal              | Ugo        |
| Indonesia             | Orion      |
| Philippines           | Ignace     |
| Thailand              | Celesta    |
| China                 | Orton      |
| Indonesia             | Jennie     |
| Morocco               | Virginia   |
| Indonesia             | Adah       |
| Japan                 | Valencia   |
| Brazil                | Beniamino  |
| Peru                  | Patten     |
| Ukraine               | Ambrose    |
| Indonesia             | Neill      |
| Philippines           | Jocelyn    |
| China                 | Quintilla  |
| Vietnam               | Penny      |
| Armenia               | Oralee     |
| China                 | Beverley   |
| China                 | Rorie      |
| Marshall Islands      | Mariann    |
| Colombia              | Cleopatra  |
| China                 | Stillmann  |
| Sweden                | Aldous     |
| France                | Nicolai    |
| China                 | Portie     |
| Indonesia             | Nahum      |
| Argentina             | Klemens    |
| Peru                  | Kayne      |
| Indonesia             | Gabrielle  |
| Madagascar            | Arda       |
| Tanzania              | Henri      |
| Afghanistan           | Waylon     |
| Chad                  | Dallis     |
| China                 | Zahara     |
| Thailand              | Rance      |
| France                | Vinni      |
| Brazil                | Neall      |
| Russia                | Adel       |
| Peru                  | Anthe      |
| China                 | Erhard     |
| Indonesia             | Cully      |
| Tanzania              | Lyndsey    |
| Angola                | Adamo      |
| South Africa          | Alexei     |
| Croatia               | Ardath     |
| Poland                | Ibbie      |
| China                 | Benedick   |
| Brazil                | Thornie    |
| Sweden                | Joana      |
| Russia                | Erena      |
| Indonesia             | Jacqueline |
| Indonesia             | Abbe       |
| South Africa          | Paulie     |
| Indonesia             | Brod       |
| United States         | Jillie     |
| Poland                | Sella      |
| Gabon                 | Whit       |
| China                 | Johannah   |
| Netherlands           | Auria      |
| China                 | Joseph     |
| China                 | Mariel     |
| Mexico                | Dalt       |
| Indonesia             | Lennie     |
| Morocco               | Marcos     |
| Philippines           | Rosana     |
| China                 | Alexio     |
| Portugal              | Hamilton   |
| Kazakhstan            | Chip       |
| South Korea           | Ddene      |
| Russia                | Clement    |
| Canada                | Henka      |
| Indonesia             | Alfonso    |
| United States         | Sher       |
| Ivory Coast           | Lorilyn    |
| Pakistan              | Iggy       |
| Russia                | Filippa    |
| Nigeria               | Florette   |
| Indonesia             | Kari       |
| Burkina Faso          | Malcolm    |
| Philippines           | Devina     |
| China                 | Sergei     |
| Zimbabwe              | Nevil      |
| South Africa          | Edy        |
| Indonesia             | Daphene    |
| South Africa          | Rowney     |
| Russia                | Bastian    |
| Indonesia             | Bruis      |
| Indonesia             | Travus     |
| Greece                | Berkley    |
| Philippines           | Idelle     |
| China                 | Jephthah   |
| Portugal              | Kevina     |
| United States         | Clarette   |
| China                 | Denver     |
| Indonesia             | Sammy      |
+-----------------------+------------+
200 rows in set (0.00 sec)

mysql> select country, first_name from user where id <=20 order by country asc;
+--------------------+------------+
| country            | first_name |
+--------------------+------------+
| American Samoa     | Dion       |
| Brazil             | Dede       |
| Brazil             | Dukey      |
| Brazil             | Lara       |
| Brazil             | Tito       |
| Bulgaria           | Horst      |
| China              | Fletch     |
| China              | Eachelle   |
| China              | Gleda      |
| Dominican Republic | Fulton     |
| Greece             | Griffin    |
| Indonesia          | Andria     |
| Indonesia          | Luther     |
| Mexico             | Iris       |
| Mongolia           | Monah      |
| Portugal           | Lauryn     |
| Russia             | Kirstyn    |
| Spain              | Brigid     |
| United States      | Yanaton    |
| Yemen              | Byran      |
+--------------------+------------+
20 rows in set (0.00 sec)

mysql> select country, first_name from user where id <=20 order by country, first_name asc;
+--------------------+------------+
| country            | first_name |
+--------------------+------------+
| American Samoa     | Dion       |
| Brazil             | Dede       |
| Brazil             | Dukey      |
| Brazil             | Lara       |
| Brazil             | Tito       |
| Bulgaria           | Horst      |
| China              | Eachelle   |
| China              | Fletch     |
| China              | Gleda      |
| Dominican Republic | Fulton     |
| Greece             | Griffin    |
| Indonesia          | Andria     |
| Indonesia          | Luther     |
| Mexico             | Iris       |
| Mongolia           | Monah      |
| Portugal           | Lauryn     |
| Russia             | Kirstyn    |
| Spain              | Brigid     |
| United States      | Yanaton    |
| Yemen              | Byran      |
+--------------------+------------+
20 rows in set (0.00 sec)

mysql> select first_name from user like first_name = "ja%";
ERROR 1064 (42000): You have an error in your SQL syntax; check the manual that corresponds to your MySQL server version for the right syntax to use near 'like first_name = "ja%"' at line 1
mysql> select first_name from user like "ja%";
ERROR 1064 (42000): You have an error in your SQL syntax; check the manual that corresponds to your MySQL server version for the right syntax to use near 'like "ja%"' at line 1
mysql> select first_name from user where first_name like "ja%";
+------------+
| first_name |
+------------+
| Jazmin     |
| Janenna    |
| Jacqueline |
+------------+
3 rows in set (0.03 sec)

mysql> select * from user where first_name like "ja%";
+------+------------+------------+--------------------------+--------+------------+------------------------------+--------+-----------+----------------+
| id   | first_name | last_name  | email                    | gender | country    | job_title                    | color  | car_brand | car_model_year |
+------+------------+------------+--------------------------+--------+------------+------------------------------+--------+-----------+----------------+
|   33 | Jazmin     | Courage    | jcouragew@icio.us        | Female | San Marino | Web Designer III             | Purple | Honda     | 1986           |
|   88 | Janenna    | Millington | jmillington2f@epa.gov    | Female | China      | Chemical Engineer            | Blue   | Honda     | 2011           |
|  156 | Jacqueline | MacCracken | jmaccracken4b@google.com | Female | Indonesia  | Budget/Accounting Analyst II | Fuscia | Nissan    | 2001           |
+------+------------+------------+--------------------------+--------+------------+------------------------------+--------+-----------+----------------+
3 rows in set (0.00 sec)

mysql> select * from user where first_name like "%on";
+------+------------+-----------+-----------------------------+--------+--------------------+------------------------+-----------+-----------+----------------+
| id   | first_name | last_name | email                       | gender | country            | job_title              | color     | car_brand | car_model_year |
+------+------------+-----------+-----------------------------+--------+--------------------+------------------------+-----------+-----------+----------------+
|    9 | Dion       | Stud      | dstud8@instagram.com        | Male   | American Samoa     | Internal Auditor       | Pink      | Suzuki    | 1996           |
|   12 | Yanaton    | Maddrell  | ymaddrellb@zimbio.com       | Male   | United States      | VP Accounting          | Yellow    | Audi      | 1986           |
|   20 | Fulton     | Milborn   | fmilbornj@oracle.com        | Male   | Dominican Republic | VP Accounting          | Fuscia    | Nissan    | 1996           |
|  107 | Orion      | Geaveny   | ogeaveny2y@tiny.cc          | Male   | Indonesia          | Operator               | Purple    | GMC       | 2007           |
|  110 | Orton      | Glyssanne | oglyssanne31@netlog.com     | Male   | China              | Data Coordiator        | Blue      | GMC       | 1993           |
|  137 | Waylon     | Gomery    | wgomery3s@livejournal.com   | Male   | Afghanistan        | Actuary                | Pink      | Chevrolet | 1992           |
|  172 | Hamilton   | Basnall   | hbasnall4r@reverbnation.com | Male   | Portugal           | Nuclear Power Engineer | Turquoise | Ford      | 1986           |
+------+------------+-----------+-----------------------------+--------+--------------------+------------------------+-----------+-----------+----------------+
7 rows in set (0.00 sec)

mysql> select * from user where first_name like "%an%";
+------+------------+---------------+--------------------------------+--------+-----------------------+--------------------------------+------------+------------+----------------+
| id   | first_name | last_name     | email                          | gender | country               | job_title                      | color      | car_brand  | car_model_year |
+------+------------+---------------+--------------------------------+--------+-----------------------+--------------------------------+------------+------------+----------------+
|    7 | Andria     | Abernethy     | aabernethy6@arstechnica.com    | Female | Indonesia             | Civil Engineer                 | Green      | Buick      | 1994           |
|   10 | Byran      | Reburn        | breburn9@go.com                | Male   | Yemen                 | Editor                         | Yellow     | Volvo      | 2000           |
|   12 | Yanaton    | Maddrell      | ymaddrellb@zimbio.com          | Male   | United States         | VP Accounting                  | Yellow     | Audi       | 1986           |
|   22 | Randee     | Kiloh         | rkilohl@apache.org             | Female | Belize                | Staff Scientist                | Turquoise  | Lexus      | 2012           |
|   24 | Elana      | Gauvin        | egauvinn@com.com               | Female | Czech Republic        | Software Consultant            | Teal       | Chevrolet  | 2001           |
|   36 | Leland     | Takis         | ltakisz@bigcartel.com          | Female | China                 | Analyst Programmer             | Maroon     | Toyota     | 2007           |
|   46 | Sander     | Learmond      | slearmond19@china.com.cn       | Male   | Japan                 | Analyst Programmer             | Turquoise  | Toyota     | 2004           |
|   49 | Pancho     | Partlett      | ppartlett1c@irs.gov            | Male   | Tanzania              | Nuclear Power Engineer         | Orange     | Mitsubishi | 1984           |
|   55 | Anatole    | Spawforth     | aspawforth1i@unesco.org        | Male   | Ukraine               | Web Designer II                | Teal       | Ram        | 2011           |
|   58 | Andonis    | Charles       | acharles1l@mail.ru             | Male   | China                 | Teacher                        | Green      | Chevrolet  | 1967           |
|   71 | Antonino   | De Cristoforo | adecristoforo1y@phpbb.com      | Male   | Philippines           | Office Assistant III           | Goldenrod  | Mitsubishi | 1990           |
|   75 | Amandie    | Southall      | asouthall22@fotki.com          | Female | France                | VP Quality Control             | Pink       | Land Rover | 1999           |
|   76 | Zane       | Dommett       | zdommett23@imdb.com            | Male   | Thailand              | Clinical Specialist            | Aquamarine | Toyota     | 1998           |
|   77 | Allan      | Pannett       | apannett24@4shared.com         | Male   | Palestinian Territory | Staff Accountant I             | Green      | Toyota     | 1997           |
|   87 | Jonathan   | MacGowan      | jmacgowan2e@homestead.com      | Male   | Vietnam               | VP Marketing                   | Mauv       | Buick      | 2003           |
|   88 | Janenna    | Millington    | jmillington2f@epa.gov          | Female | China                 | Chemical Engineer              | Blue       | Honda      | 2011           |
|   93 | Anetta     | Minichi       | aminichi2k@webs.com            | Female | Thailand              | Geological Engineer            | Teal       | Acura      | 2003           |
|   94 | Briano     | Fautly        | bfautly2l@technorati.com       | Male   | Poland                | Structural Analysis Engineer   | Blue       | Volkswagen | 2002           |
|   98 | Fanni      | Whitsun       | fwhitsun2p@theglobeandmail.com | Female | China                 | Marketing Manager              | Red        | Audi       | 1987           |
|  100 | Shandee    | Crombleholme  | scrombleholme2r@slashdot.org   | Female | United States         | VP Marketing                   | Aquamarine | Dodge      | 2006           |
|  102 | Sebastiano | Derycot       | sderycot2t@columbia.edu        | Male   | Brazil                | Senior Sales Associate         | Khaki      | Lexus      | 2007           |
|  125 | Mariann    | Peterken      | mpeterken3g@narod.ru           | Female | Marshall Islands      | Account Coordinator            | Pink       | Suzuki     | 2012           |
|  127 | Stillmann  | Stowte        | sstowte3i@fema.gov             | Male   | China                 | Information Systems Manager    | Orange     | Audi       | 1995           |
|  140 | Rance      | Dizlie        | rdizlie3v@exblog.jp            | Male   | Thailand              | Payment Adjustment Coordinator | Purple     | Nissan     | 2003           |
|  144 | Anthe      | Wilacot       | awilacot3z@umich.edu           | Female | Peru                  | Sales Representative           | Puce       | Mazda      | 2008           |
|  154 | Joana      | Tolliday      | jtolliday49@fema.gov           | Female | Sweden                | Marketing Assistant            | Violet     | GMC        | 2000           |
|  163 | Johannah   | Facchini      | jfacchini4i@xrea.com           | Female | China                 | Software Test Engineer IV      | Teal       | Infiniti   | 2011           |
|  170 | Rosana     | Verecker      | rverecker4p@linkedin.com       | Female | Philippines           | Pharmacist                     | Khaki      | GMC        | 1992           |
|  191 | Bastian    | Nealy         | bnealy5a@imageshack.us         | Male   | Russia                | Environmental Specialist       | Orange     | Mitsubishi | 1989           |
+------+------------+---------------+--------------------------------+--------+-----------------------+--------------------------------+------------+------------+----------------+
29 rows in set (0.00 sec)

mysql> select car_model_year from user order by car_model_year asc;
+----------------+
| car_model_year |
+----------------+
| 1967           |
| 1967           |
| 1975           |
| 1983           |
| 1984           |
| 1985           |
| 1985           |
| 1985           |
| 1986           |
| 1986           |
| 1986           |
| 1986           |
| 1986           |
| 1986           |
| 1987           |
| 1987           |
| 1988           |
| 1988           |
| 1988           |
| 1989           |
| 1989           |
| 1990           |
| 1990           |
| 1991           |
| 1991           |
| 1992           |
| 1992           |
| 1992           |
| 1992           |
| 1992           |
| 1992           |
| 1992           |
| 1992           |
| 1992           |
| 1992           |
| 1992           |
| 1993           |
| 1993           |
| 1993           |
| 1993           |
| 1993           |
| 1993           |
| 1993           |
| 1993           |
| 1993           |
| 1993           |
| 1994           |
| 1994           |
| 1994           |
| 1994           |
| 1994           |
| 1994           |
| 1994           |
| 1995           |
| 1995           |
| 1995           |
| 1995           |
| 1996           |
| 1996           |
| 1996           |
| 1996           |
| 1996           |
| 1996           |
| 1997           |
| 1997           |
| 1997           |
| 1997           |
| 1998           |
| 1998           |
| 1998           |
| 1998           |
| 1999           |
| 1999           |
| 1999           |
| 1999           |
| 1999           |
| 1999           |
| 2000           |
| 2000           |
| 2000           |
| 2000           |
| 2000           |
| 2000           |
| 2000           |
| 2001           |
| 2001           |
| 2001           |
| 2001           |
| 2002           |
| 2002           |
| 2002           |
| 2002           |
| 2002           |
| 2002           |
| 2002           |
| 2002           |
| 2002           |
| 2002           |
| 2002           |
| 2002           |
| 2002           |
| 2002           |
| 2002           |
| 2002           |
| 2003           |
| 2003           |
| 2003           |
| 2003           |
| 2003           |
| 2003           |
| 2003           |
| 2003           |
| 2003           |
| 2003           |
| 2004           |
| 2004           |
| 2004           |
| 2004           |
| 2004           |
| 2004           |
| 2004           |
| 2005           |
| 2005           |
| 2005           |
| 2005           |
| 2005           |
| 2005           |
| 2005           |
| 2006           |
| 2006           |
| 2006           |
| 2006           |
| 2006           |
| 2006           |
| 2006           |
| 2006           |
| 2007           |
| 2007           |
| 2007           |
| 2007           |
| 2007           |
| 2007           |
| 2007           |
| 2007           |
| 2007           |
| 2007           |
| 2007           |
| 2007           |
| 2008           |
| 2008           |
| 2008           |
| 2008           |
| 2008           |
| 2008           |
| 2008           |
| 2008           |
| 2009           |
| 2009           |
| 2009           |
| 2009           |
| 2009           |
| 2009           |
| 2009           |
| 2010           |
| 2010           |
| 2010           |
| 2010           |
| 2010           |
| 2010           |
| 2010           |
| 2010           |
| 2010           |
| 2010           |
| 2010           |
| 2010           |
| 2011           |
| 2011           |
| 2011           |
| 2011           |
| 2011           |
| 2011           |
| 2011           |
| 2011           |
| 2011           |
| 2011           |
| 2011           |
| 2012           |
| 2012           |
| 2012           |
| 2012           |
| 2012           |
| 2012           |
| 2012           |
| 2012           |
| 2012           |
| 2012           |
| 2012           |
| 2012           |
| 2013           |
| 2013           |
+----------------+
200 rows in set (0.00 sec)

mysql> select max(car_model_year) from user;
+---------------------+
| max(car_model_year) |
+---------------------+
| 2013                |
+---------------------+
1 row in set (0.03 sec)

mysql> select min(car_model_year) from user;
+---------------------+
| min(car_model_year) |
+---------------------+
| 1967                |
+---------------------+
1 row in set (0.00 sec)

mysql> select distinct car_model_year from user order by car_model_year asc;
+----------------+
| car_model_year |
+----------------+
| 1967           |
| 1975           |
| 1983           |
| 1984           |
| 1985           |
| 1986           |
| 1987           |
| 1988           |
| 1989           |
| 1990           |
| 1991           |
| 1992           |
| 1993           |
| 1994           |
| 1995           |
| 1996           |
| 1997           |
| 1998           |
| 1999           |
| 2000           |
| 2001           |
| 2002           |
| 2003           |
| 2004           |
| 2005           |
| 2006           |
| 2007           |
| 2008           |
| 2009           |
| 2010           |
| 2011           |
| 2012           |
| 2013           |
+----------------+
33 rows in set (0.00 sec)

mysql> select count(car_brand) from user where car_brand = 'bmw';
+------------------+
| count(car_brand) |
+------------------+
|                5 |
+------------------+
1 row in set (0.00 sec)

mysql> select avg(car_model_year) from user;
+---------------------+
| avg(car_model_year) |
+---------------------+
|             2000.77 |
+---------------------+
1 row in set (0.11 sec)

mysql> select count(car_model_year) from user;
+-----------------------+
| count(car_model_year) |
+-----------------------+
|                   200 |
+-----------------------+
1 row in set (0.00 sec)

mysql> select count(car_model_year) from user where country = 'canada';
+-----------------------+
| count(car_model_year) |
+-----------------------+
|                     1 |
+-----------------------+
1 row in set (0.00 sec)

mysql> select round(avg(car_model_year)) from user;
+----------------------------+
| round(avg(car_model_year)) |
+----------------------------+
|                       2001 |
+----------------------------+
1 row in set (0.07 sec)

mysql> select floor(avg(car_model_year)) from user;
+----------------------------+
| floor(avg(car_model_year)) |
+----------------------------+
|                       2000 |
+----------------------------+
1 row in set (0.01 sec)